Component: ARM Compiler 5.06 update 6 (build 750) Tool: armlink [4d35ed]

==============================================================================

Section Cross References

    ifelsecode1.o(RESET) refers to ifelsecode1.o(RESULT) for DST


==============================================================================

Image Symbol Table

    Local Symbols

    Symbol Name                              Value     Ov Type        Size  Object(Section)

    RESET                                    0x00000000   Section      100  ifelsecode1.o(RESET)
    ifElseCode1.s                            0x00000000   Number         0  ifelsecode1.o ABSOLUTE
    RESULT                                   0x00000064   Section        8  ifelsecode1.o(RESULT)
    DST                                      0x00000064   Data           8  ifelsecode1.o(RESULT)

    Global Symbols

    Symbol Name                              Value     Ov Type        Size  Object(Section)

    BuildAttributes$$THM_ISAv1$ARM_ISAv4$S$PE$A:L22$X:L11$S22$IEEE1$IW$USESV6$~STKCKD$USESV7$~SHL$OSPACE$EBA8$STANDARDLIB$PRES8$EABIv2 0x00000000   Number         0  anon$$obj.o ABSOLUTE



==============================================================================

Memory Map of the image

  Image Entry point : 0x00000000

  Load Region LR_IROM1 (Base: 0x00000000, Size: 0x0000006c, Max: 0x00080000, ABSOLUTE)

    Execution Region ER_IROM1 (Exec base: 0x00000000, Load base: 0x00000000, Size: 0x0000006c, Max: 0x00080000, ABSOLUTE)

    Exec Addr    Load Addr    Size         Type   Attr      Idx    E Section Name        Object

    0x00000000   0x00000000   0x00000064   Code   RO            1  * RESET               ifelsecode1.o
    0x00000064   0x00000064   0x00000008   Data   RO            2    RESULT              ifelsecode1.o


    Execution Region RW_IRAM1 (Exec base: 0x40000000, Load base: 0x0000006c, Size: 0x00000000, Max: 0x00008000, ABSOLUTE)

    **** No section assigned to this execution region ****


==============================================================================

Image component sizes


      Code (inc. data)   RO Data    RW Data    ZI Data      Debug   Object Name

       100         20          8          0          0        336   ifelsecode1.o

    ----------------------------------------------------------------------
       100         20          8          0          0        336   Object Totals
         0          0          0          0          0          0   (incl. Generated)
         0          0          0          0          0          0   (incl. Padding)

    ----------------------------------------------------------------------
         0          0          0          0          0          0   Library Totals
         0          0          0          0          0          0   (incl. Padding)

    ----------------------------------------------------------------------

==============================================================================


      Code (inc. data)   RO Data    RW Data    ZI Data      Debug   

       100         20          8          0          0        336   Grand Totals
       100         20          8          0          0        336   ELF Image Totals
       100         20          8          0          0          0   ROM Totals

==============================================================================

    Total RO  Size (Code + RO Data)                  108 (   0.11kB)
    Total RW  Size (RW Data + ZI Data)                 0 (   0.00kB)
    Total ROM Size (Code + RO Data + RW Data)        108 (   0.11kB)

==============================================================================

