Component: ARM Compiler 5.06 update 6 (build 750) Tool: armlink [4d35ed]

==============================================================================

Section Cross References

    svccompare.o(RESET) refers to svccompare.o(mycode) for Reset_Handler
    svccompare.o(mycode) refers to svccompare.o(RESS) for DST


==============================================================================

Image Symbol Table

    Local Symbols

    Symbol Name                              Value     Ov Type        Size  Object(Section)

    SVCcompare.s                             0x00000000   Number         0  svccompare.o ABSOLUTE
    RESET                                    0x08000000   Section       92  svccompare.o(RESET)
    mycode                                   0x0800005c   Section       92  svccompare.o(mycode)
    $v0                                      0x0800005c   Number         0  svccompare.o(mycode)
    SVC_handler                              0x0800007b   Thumb Code     0  svccompare.o(mycode)
    SRC                                      0x080000a4   Data           8  svccompare.o(mycode)
    RESS                                     0x20000000   Section        8  svccompare.o(RESS)
    DST                                      0x20000000   Data           8  svccompare.o(RESS)

    Global Symbols

    Symbol Name                              Value     Ov Type        Size  Object(Section)

    BuildAttributes$$THM_ISAv4$E$P$D$K$B$S$7EM$VFPi3$EXTD16$VFPS$VFMA$PE$A:L22UL41UL21$X:L11$S22US41US21$IEEE1$IW$USESV6$~STKCKD$USESV7$~SHL$OSPACE$EBA8$STANDARDLIB$EABIv2 0x00000000   Number         0  anon$$obj.o ABSOLUTE
    __Vectors                                0x08000000   Data           0  svccompare.o(RESET)
    Reset_Handler                            0x0800005d   Thumb Code     0  svccompare.o(mycode)



==============================================================================

Memory Map of the image

  Image Entry point : 0x0800005d

  Load Region LR_IROM1 (Base: 0x08000000, Size: 0x000000c0, Max: 0x00100000, ABSOLUTE)

    Execution Region ER_IROM1 (Exec base: 0x08000000, Load base: 0x08000000, Size: 0x000000b8, Max: 0x00100000, ABSOLUTE)

    Exec Addr    Load Addr    Size         Type   Attr      Idx    E Section Name        Object

    0x08000000   0x08000000   0x0000005c   Code   RO            1    RESET               svccompare.o
    0x0800005c   0x0800005c   0x0000005c   Code   RO            2  * mycode              svccompare.o


    Execution Region RW_IRAM1 (Exec base: 0x20000000, Load base: 0x080000b8, Size: 0x00000008, Max: 0x00020000, ABSOLUTE)

    Exec Addr    Load Addr    Size         Type   Attr      Idx    E Section Name        Object

    0x20000000   0x080000b8   0x00000008   Data   RW            3    RESS                svccompare.o


==============================================================================

Image component sizes


      Code (inc. data)   RO Data    RW Data    ZI Data      Debug   Object Name

       184        114          0          8          0        588   svccompare.o

    ----------------------------------------------------------------------
       184        114          0          8          0        588   Object Totals
         0          0          0          0          0          0   (incl. Generated)
         0          0          0          0          0          0   (incl. Padding)

    ----------------------------------------------------------------------
         0          0          0          0          0          0   Library Totals
         0          0          0          0          0          0   (incl. Padding)

    ----------------------------------------------------------------------

==============================================================================


      Code (inc. data)   RO Data    RW Data    ZI Data      Debug   

       184        114          0          8          0        588   Grand Totals
       184        114          0          8          0        588   ELF Image Totals
       184        114          0          8          0          0   ROM Totals

==============================================================================

    Total RO  Size (Code + RO Data)                  184 (   0.18kB)
    Total RW  Size (RW Data + ZI Data)                 8 (   0.01kB)
    Total ROM Size (Code + RO Data + RW Data)        192 (   0.19kB)

==============================================================================

