Component: ARM Compiler 5.06 update 6 (build 750) Tool: armlink [4d35ed]

==============================================================================

Section Cross References

    svccompare.o(RESET) refers to svccompare.o(mycode) for Reset_Handler


==============================================================================

Removing Unused input sections from the image.

    Removing svccompare.o(RES), (0 bytes).

1 unused section(s) (total 0 bytes) removed from the image.

==============================================================================

Image Symbol Table

    Local Symbols

    Symbol Name                              Value     Ov Type        Size  Object(Section)

    SVCcompare.s                             0x00000000   Number         0  svccompare.o ABSOLUTE
    RESET                                    0x08000000   Section       92  svccompare.o(RESET)
    mycode                                   0x0800005c   Section      100  svccompare.o(mycode)
    $v0                                      0x0800005c   Number         0  svccompare.o(mycode)
    SVC_handler                              0x08000079   Thumb Code     0  svccompare.o(mycode)
    SRC                                      0x080000a8   Data           8  svccompare.o(mycode)
    DST                                      0x080000b0   Data           4  svccompare.o(mycode)

    Global Symbols

    Symbol Name                              Value     Ov Type        Size  Object(Section)

    BuildAttributes$$THM_ISAv4$E$P$D$K$B$S$7EM$VFPi3$EXTD16$VFPS$VFMA$PE$A:L22UL41UL21$X:L11$S22US41US21$IEEE1$IW$USESV6$~STKCKD$USESV7$~SHL$OSPACE$EBA8$STANDARDLIB$EABIv2 0x00000000   Number         0  anon$$obj.o ABSOLUTE
    __Vectors                                0x08000000   Data           0  svccompare.o(RESET)
    Reset_Handler                            0x0800005d   Thumb Code     0  svccompare.o(mycode)



==============================================================================

Memory Map of the image

  Image Entry point : 0x0800005d

  Load Region LR_IROM1 (Base: 0x08000000, Size: 0x000000c0, Max: 0x00100000, ABSOLUTE)

    Execution Region ER_IROM1 (Exec base: 0x08000000, Load base: 0x08000000, Size: 0x000000c0, Max: 0x00100000, ABSOLUTE)

    Exec Addr    Load Addr    Size         Type   Attr      Idx    E Section Name        Object

    0x08000000   0x08000000   0x0000005c   Code   RO            1    RESET               svccompare.o
    0x0800005c   0x0800005c   0x00000064   Code   RO            2  * mycode              svccompare.o


    Execution Region RW_IRAM1 (Exec base: 0x20000000, Load base: 0x080000c0, Size: 0x00000000, Max: 0x00020000, ABSOLUTE)

    **** No section assigned to this execution region ****


==============================================================================

Image component sizes


      Code (inc. data)   RO Data    RW Data    ZI Data      Debug   Object Name

       192        118          0          0          0        588   svccompare.o

    ----------------------------------------------------------------------
       192        118          0          0          0        588   Object Totals
         0          0          0          0          0          0   (incl. Generated)
         0          0          0          0          0          0   (incl. Padding)

    ----------------------------------------------------------------------
         0          0          0          0          0          0   Library Totals
         0          0          0          0          0          0   (incl. Padding)

    ----------------------------------------------------------------------

==============================================================================


      Code (inc. data)   RO Data    RW Data    ZI Data      Debug   

       192        118          0          0          0        588   Grand Totals
       192        118          0          0          0        588   ELF Image Totals
       192        118          0          0          0          0   ROM Totals

==============================================================================

    Total RO  Size (Code + RO Data)                  192 (   0.19kB)
    Total RW  Size (RW Data + ZI Data)                 0 (   0.00kB)
    Total ROM Size (Code + RO Data + RW Data)        192 (   0.19kB)

==============================================================================

