<!doctype html public "-//w3c//dtd html 4.0 transitional//en">
<html><head>
<title>Static Call Graph - [.\Objects\2024ht01021_Code2_If_Else.axf]</title></head>
<body><HR>
<H1>Static Call Graph for image .\Objects\2024ht01021_Code2_If_Else.axf</H1><HR>
<BR><P>#&#060CALLGRAPH&#062# ARM Linker, 5060750: Last Updated: Sun Sep 08 08:39:22 2024
<BR><P>
<H3>Maximum Stack Usage =          0 bytes</H3><H3>
Call chain for Maximum Stack Depth:</H3>

<P>
<H3>
Global Symbols
</H3><P>
<H3>
Local Symbols
</H3><P>
<H3>
Undefined Global Symbols
</H3><HR></body></html>
