#-----------------------------------------------------------
# Vivado v2024.1 (64-bit)
# SW Build 5076996 on Wed May 22 18:37:14 MDT 2024
# IP Build 5075265 on Wed May 22 21:45:21 MDT 2024
# SharedData Build 5076995 on Wed May 22 18:29:18 MDT 2024
# Start of session at: Sun Aug 18 16:51:34 2024
# Process ID: 15936
# Current directory: E:/BitsPilaniMTech/S1_Hardware Software Co-Design/Projects/Vivado/Lab1/Design_Multiplexer_4to1Mux/Design_Multiplexer_4to1Mux.runs/synth_1
# Command line: vivado.exe -log mux_4to1.vds -product Vivado -mode batch -messageDb vivado.pb -notrace -source mux_4to1.tcl
# Log file: E:/BitsPilaniMTech/S1_Hardware Software Co-Design/Projects/Vivado/Lab1/Design_Multiplexer_4to1Mux/Design_Multiplexer_4to1Mux.runs/synth_1/mux_4to1.vds
# Journal file: E:/BitsPilaniMTech/S1_Hardware Software Co-Design/Projects/Vivado/Lab1/Design_Multiplexer_4to1Mux/Design_Multiplexer_4to1Mux.runs/synth_1\vivado.jou
# Running On        :Ashutosh
# Platform          :Windows Server 2016 or Windows 10
# Operating System  :22621
# Processor Detail  :Intel(R) Core(TM) i5-9300HF CPU @ 2.40GHz
# CPU Frequency     :2400 MHz
# CPU Physical cores:4
# CPU Logical cores :8
# Host memory       :8506 MB
# Swap memory       :6757 MB
# Total Virtual     :15263 MB
# Available Virtual :2453 MB
#-----------------------------------------------------------
source mux_4to1.tcl -notrace
