Component: ARM Compiler 5.06 update 6 (build 750) Tool: armlink [4d35ed]

==============================================================================

Section Cross References

    lpc2300.o(STACK) refers (Special) to heapauxi.o(.text) for __use_two_region_memory
    lpc2300.o(HEAP) refers (Special) to heapauxi.o(.text) for __use_two_region_memory
    lpc2300.o(RESET) refers (Special) to heapauxi.o(.text) for __use_two_region_memory
    lpc2300.o(RESET) refers to lpc2300.o(STACK) for Stack_Top
    lpc2300.o(RESET) refers to __main.o(!!!main) for __main
    lpc2300.o(.text) refers (Special) to heapauxi.o(.text) for __use_two_region_memory
    lpc2300.o(.text) refers to lpc2300.o(HEAP) for Heap_Mem
    lpc2300.o(.text) refers to lpc2300.o(STACK) for Stack_Mem
    lpc_adc_assignment2.o(i.main) refers to _printf_percent.o(.ARM.Collect$$_printf_percent$$00000000) for _printf_percent
    lpc_adc_assignment2.o(i.main) refers to _printf_f.o(.ARM.Collect$$_printf_percent$$00000003) for _printf_f
    lpc_adc_assignment2.o(i.main) refers to printf1.o(x$fpl$printf1) for _printf_fp_dec
    lpc_adc_assignment2.o(i.main) refers to rt_memclr_w.o(.text) for __aeabi_memclr4
    lpc_adc_assignment2.o(i.main) refers to lcd.o(i.lcd_init) for lcd_init
    lpc_adc_assignment2.o(i.main) refers to lcd.o(i.lcd_clear) for lcd_clear
    lpc_adc_assignment2.o(i.main) refers to lcd.o(i.set_cursor) for set_cursor
    lpc_adc_assignment2.o(i.main) refers to lcd.o(i.lcd_print) for lcd_print
    lpc_adc_assignment2.o(i.main) refers to dflt_noclz.o(x$fpl$dfltu) for __aeabi_ui2d
    lpc_adc_assignment2.o(i.main) refers to ddiv.o(x$fpl$ddiv) for __aeabi_ddiv
    lpc_adc_assignment2.o(i.main) refers to dmul.o(x$fpl$dmul) for __aeabi_dmul
    lpc_adc_assignment2.o(i.main) refers to d2f.o(x$fpl$d2f) for __aeabi_d2f
    lpc_adc_assignment2.o(i.main) refers to f2d.o(x$fpl$f2d) for __aeabi_f2d
    lpc_adc_assignment2.o(i.main) refers to noretval__2sprintf.o(.text) for __2sprintf
    lpc_adc_assignment2.o(i.main) refers to lpc_adc_assignment2.o(i.wait) for wait
    lcd.o(i.lcd_clear) refers to lcd.o(i.lcd_write_cmd) for lcd_write_cmd
    lcd.o(i.lcd_clear) refers to lcd.o(i.set_cursor) for set_cursor
    lcd.o(i.lcd_init) refers to lcd.o(i.delay) for delay
    lcd.o(i.lcd_init) refers to lcd.o(i.lcd_write_4bit) for lcd_write_4bit
    lcd.o(i.lcd_init) refers to lcd.o(i.lcd_write_cmd) for lcd_write_cmd
    lcd.o(i.lcd_init) refers to lcd.o(i.lcd_putchar) for lcd_putchar
    lcd.o(i.lcd_init) refers to lcd.o(.constdata) for UserFont
    lcd.o(i.lcd_print) refers to lcd.o(i.lcd_putchar) for lcd_putchar
    lcd.o(i.lcd_putchar) refers to lcd.o(i.lcd_write_data) for lcd_write_data
    lcd.o(i.lcd_read_status) refers to lcd.o(i.delay) for delay
    lcd.o(i.lcd_write_4bit) refers to lcd.o(i.delay) for delay
    lcd.o(i.lcd_write_cmd) refers to lcd.o(i.wait_while_busy) for wait_while_busy
    lcd.o(i.lcd_write_cmd) refers to lcd.o(i.lcd_write_4bit) for lcd_write_4bit
    lcd.o(i.lcd_write_data) refers to lcd.o(i.wait_while_busy) for wait_while_busy
    lcd.o(i.lcd_write_data) refers to lcd.o(i.lcd_write_4bit) for lcd_write_4bit
    lcd.o(i.set_cursor) refers to lcd.o(i.lcd_write_cmd) for lcd_write_cmd
    lcd.o(i.wait_while_busy) refers to lcd.o(i.lcd_read_status) for lcd_read_status
    __2sprintf.o(.text) refers to _printf_char_common.o(.text) for _printf_char_common
    __2sprintf.o(.text) refers to _sputc.o(.text) for _sputc
    noretval__2sprintf.o(.text) refers to _printf_char_common.o(.text) for _printf_char_common
    noretval__2sprintf.o(.text) refers to _sputc.o(.text) for _sputc
    __printf.o(.text) refers to __printf.o(i.__ARM_common_call_via_r1) for __ARM_common_call_via_r1
    __printf.o(.text) refers to _printf_percent.o(.ARM.Collect$$_printf_percent$$00000000) for _printf_percent
    __printf.o(.text) refers to __printf.o(i.__ARM_common_call_via_r2) for __ARM_common_call_via_r2
    __printf_flags.o(.text) refers to __printf.o(i.__ARM_common_call_via_r1) for __ARM_common_call_via_r1
    __printf_flags.o(.text) refers to _printf_percent.o(.ARM.Collect$$_printf_percent$$00000000) for _printf_percent
    __printf_flags.o(.text) refers to __printf.o(i.__ARM_common_call_via_r2) for __ARM_common_call_via_r2
    __printf_flags.o(.text) refers to __printf_flags.o(.constdata) for .constdata
    __printf_ss.o(.text) refers to __printf.o(i.__ARM_common_call_via_r1) for __ARM_common_call_via_r1
    __printf_ss.o(.text) refers to _printf_percent.o(.ARM.Collect$$_printf_percent$$00000000) for _printf_percent
    __printf_ss.o(.text) refers to __printf.o(i.__ARM_common_call_via_r2) for __ARM_common_call_via_r2
    __printf_flags_ss.o(.text) refers to __printf.o(i.__ARM_common_call_via_r1) for __ARM_common_call_via_r1
    __printf_flags_ss.o(.text) refers to _printf_percent.o(.ARM.Collect$$_printf_percent$$00000000) for _printf_percent
    __printf_flags_ss.o(.text) refers to __printf.o(i.__ARM_common_call_via_r2) for __ARM_common_call_via_r2
    __printf_flags_ss.o(.text) refers to __printf_flags_ss.o(.constdata) for .constdata
    __printf_wp.o(.text) refers to __printf.o(i.__ARM_common_call_via_r1) for __ARM_common_call_via_r1
    __printf_wp.o(.text) refers to __printf_wp.o(i._is_digit) for _is_digit
    __printf_wp.o(.text) refers to _printf_percent.o(.ARM.Collect$$_printf_percent$$00000000) for _printf_percent
    __printf_wp.o(.text) refers to __printf.o(i.__ARM_common_call_via_r2) for __ARM_common_call_via_r2
    __printf_flags_wp.o(.text) refers to __printf.o(i.__ARM_common_call_via_r1) for __ARM_common_call_via_r1
    __printf_flags_wp.o(.text) refers to __printf_wp.o(i._is_digit) for _is_digit
    __printf_flags_wp.o(.text) refers to _printf_percent.o(.ARM.Collect$$_printf_percent$$00000000) for _printf_percent
    __printf_flags_wp.o(.text) refers to __printf.o(i.__ARM_common_call_via_r2) for __ARM_common_call_via_r2
    __printf_flags_wp.o(.text) refers to __printf_flags_wp.o(.constdata) for .constdata
    __printf_ss_wp.o(.text) refers to __printf.o(i.__ARM_common_call_via_r1) for __ARM_common_call_via_r1
    __printf_ss_wp.o(.text) refers to __printf_wp.o(i._is_digit) for _is_digit
    __printf_ss_wp.o(.text) refers to _printf_percent.o(.ARM.Collect$$_printf_percent$$00000000) for _printf_percent
    __printf_ss_wp.o(.text) refers to __printf.o(i.__ARM_common_call_via_r2) for __ARM_common_call_via_r2
    __printf_flags_ss_wp.o(.text) refers to __printf.o(i.__ARM_common_call_via_r1) for __ARM_common_call_via_r1
    __printf_flags_ss_wp.o(.text) refers to __printf_wp.o(i._is_digit) for _is_digit
    __printf_flags_ss_wp.o(.text) refers to _printf_percent.o(.ARM.Collect$$_printf_percent$$00000000) for _printf_percent
    __printf_flags_ss_wp.o(.text) refers to __printf.o(i.__ARM_common_call_via_r2) for __ARM_common_call_via_r2
    __printf_flags_ss_wp.o(.text) refers to __printf_flags_ss_wp.o(.constdata) for .constdata
    _printf_f.o(.ARM.Collect$$_printf_percent$$00000003) refers (Weak) to printf1.o(x$fpl$printf1) for _printf_fp_dec
    _printf_percent.o(.ARM.Collect$$_printf_percent$$00000000) refers (Special) to _printf_percent_end.o(.ARM.Collect$$_printf_percent$$00000017) for _printf_percent_end
    __main.o(!!!main) refers to __rtentry.o(.ARM.Collect$$rtentry$$00000000) for __rt_entry
    d2f.o(x$fpl$d2f) refers (Special) to usenofp.o(x$fpl$usenofp) for __I$use$fp
    d2f.o(x$fpl$d2f) refers to fretinf.o(x$fpl$fretinf) for __fpl_fretinf
    d2f.o(x$fpl$d2f) refers to dnaninf.o(x$fpl$dnaninf) for __fpl_dnaninf
    ddiv.o(x$fpl$drdiv) refers (Special) to usenofp.o(x$fpl$usenofp) for __I$use$fp
    ddiv.o(x$fpl$drdiv) refers to ddiv.o(x$fpl$ddiv) for ddiv_entry
    ddiv.o(x$fpl$ddiv) refers (Special) to usenofp.o(x$fpl$usenofp) for __I$use$fp
    ddiv.o(x$fpl$ddiv) refers to dretinf.o(x$fpl$dretinf) for __fpl_dretinf
    ddiv.o(x$fpl$ddiv) refers to dnaninf.o(x$fpl$dnaninf) for __fpl_dnaninf
    dflt_noclz.o(x$fpl$dfltu) refers (Special) to usenofp.o(x$fpl$usenofp) for __I$use$fp
    dflt_noclz.o(x$fpl$dfltu) refers to dflt_noclz.o(x$fpl$dflt) for __dflt_normalise
    dflt_noclz.o(x$fpl$dflt) refers (Special) to usenofp.o(x$fpl$usenofp) for __I$use$fp
    dmul.o(x$fpl$dmul) refers (Special) to usenofp.o(x$fpl$usenofp) for __I$use$fp
    dmul.o(x$fpl$dmul) refers to dretinf.o(x$fpl$dretinf) for __fpl_dretinf
    dmul.o(x$fpl$dmul) refers to dnaninf.o(x$fpl$dnaninf) for __fpl_dnaninf
    f2d.o(x$fpl$f2d) refers (Special) to usenofp.o(x$fpl$usenofp) for __I$use$fp
    f2d.o(x$fpl$f2d) refers to fnaninf.o(x$fpl$fnaninf) for __fpl_fnaninf
    f2d.o(x$fpl$f2d) refers to dretinf.o(x$fpl$dretinf) for __fpl_dretinf
    printf1.o(x$fpl$printf1) refers to _printf_fp_dec.o(.text) for _printf_fp_dec_real
    __rtentry.o(.ARM.Collect$$rtentry$$00000000) refers (Special) to __rtentry2.o(.ARM.Collect$$rtentry$$0000000A) for __rt_entry_li
    __rtentry.o(.ARM.Collect$$rtentry$$00000000) refers (Special) to __rtentry2.o(.ARM.Collect$$rtentry$$0000000D) for __rt_entry_main
    __rtentry.o(.ARM.Collect$$rtentry$$00000000) refers (Special) to __rtentry2.o(.ARM.Collect$$rtentry$$0000000C) for __rt_entry_postli_1
    __rtentry.o(.ARM.Collect$$rtentry$$00000000) refers (Special) to __rtentry2.o(.ARM.Collect$$rtentry$$00000009) for __rt_entry_postsh_1
    __rtentry.o(.ARM.Collect$$rtentry$$00000000) refers (Special) to __rtentry2.o(.ARM.Collect$$rtentry$$00000002) for __rt_entry_presh_1
    __rtentry.o(.ARM.Collect$$rtentry$$00000000) refers (Special) to __rtentry4.o(.ARM.Collect$$rtentry$$00000004) for __rt_entry_sh
    _printf_fp_dec.o(.text) refers (Special) to usenofp.o(x$fpl$usenofp) for __I$use$fp
    _printf_fp_dec.o(.text) refers (Special) to lc_numeric_c.o(locale$$code) for _get_lc_numeric
    _printf_fp_dec.o(.text) refers to istatus.o(x$fpl$ieeestatus) for __ieee_status
    _printf_fp_dec.o(.text) refers to bigflt0.o(.text) for _btod_etento
    _printf_fp_dec.o(.text) refers to btod.o(CL$$btod_d2e) for _btod_d2e
    _printf_fp_dec.o(.text) refers to btod.o(CL$$btod_ediv) for _btod_ediv
    _printf_fp_dec.o(.text) refers to btod.o(CL$$btod_emul) for _btod_emul
    _printf_fp_dec.o(.text) refers to lludiv10.o(.text) for _ll_udiv10
    _printf_fp_dec.o(.text) refers to fpclassify.o(i.__ARM_fpclassify) for __ARM_fpclassify
    _printf_fp_dec.o(.text) refers to _printf_fp_infnan.o(.text) for _printf_fp_infnan
    _printf_fp_dec.o(.text) refers to rtudiv10.o(.text) for __rt_udiv10
    _printf_fp_dec.o(.text) refers to __printf.o(i.__ARM_common_call_via_r2) for __ARM_common_call_via_r2
    _printf_fp_dec.o(.text) refers to rt_locale_intlibspace.o(.text) for __rt_locale
    _printf_char_common.o(.text) refers to __printf_wp.o(.text) for __printf
    dnaninf.o(x$fpl$dnaninf) refers (Special) to usenofp.o(x$fpl$usenofp) for __I$use$fp
    dretinf.o(x$fpl$dretinf) refers (Special) to usenofp.o(x$fpl$usenofp) for __I$use$fp
    fnaninf.o(x$fpl$fnaninf) refers (Special) to usenofp.o(x$fpl$usenofp) for __I$use$fp
    fretinf.o(x$fpl$fretinf) refers (Special) to usenofp.o(x$fpl$usenofp) for __I$use$fp
    __rtentry2.o(.ARM.Collect$$rtentry$$00000008) refers to boardinit2.o(.text) for _platform_post_stackheap_init
    __rtentry2.o(.ARM.Collect$$rtentry$$0000000A) refers to libinit.o(.ARM.Collect$$libinit$$00000000) for __rt_lib_init
    __rtentry2.o(.ARM.Collect$$rtentry$$0000000B) refers to boardinit3.o(.text) for _platform_post_lib_init
    __rtentry2.o(.ARM.Collect$$rtentry$$0000000D) refers to exit.o(.text) for exit
    __rtentry2.o(.ARM.Collect$$rtentry$$0000000D) refers to lpc_adc_assignment2.o(i.main) for main
    __rtentry2.o(.ARM.exidx) refers to __rtentry2.o(.ARM.Collect$$rtentry$$00000001) for .ARM.Collect$$rtentry$$00000001
    __rtentry2.o(.ARM.exidx) refers to __rtentry2.o(.ARM.Collect$$rtentry$$00000008) for .ARM.Collect$$rtentry$$00000008
    __rtentry2.o(.ARM.exidx) refers to __rtentry2.o(.ARM.Collect$$rtentry$$0000000A) for .ARM.Collect$$rtentry$$0000000A
    __rtentry2.o(.ARM.exidx) refers to __rtentry2.o(.ARM.Collect$$rtentry$$0000000B) for .ARM.Collect$$rtentry$$0000000B
    __rtentry2.o(.ARM.exidx) refers to __rtentry2.o(.ARM.Collect$$rtentry$$0000000D) for .ARM.Collect$$rtentry$$0000000D
    __rtentry4.o(.ARM.Collect$$rtentry$$00000004) refers to sys_stackheap_outer.o(.text) for __user_setup_stackheap
    __rtentry4.o(.ARM.exidx) refers to __rtentry4.o(.ARM.Collect$$rtentry$$00000004) for .ARM.Collect$$rtentry$$00000004
    rt_locale.o(.text) refers to rt_locale.o(.bss) for __rt_locale_data
    rt_locale_intlibspace.o(.text) refers to libspace.o(.bss) for __libspace_start
    _printf_fp_infnan.o(.text) refers to __printf.o(i.__ARM_common_call_via_r2) for __ARM_common_call_via_r2
    __printf_nopercent.o(.text) refers to __printf_nopercent.o(i.__ARM_common_call_via_r7) for __ARM_common_call_via_r7
    __printf_nopercent.o(.text) refers to __printf_nopercent.o(i.__ARM_common_call_via_r5) for __ARM_common_call_via_r5
    bigflt0.o(.text) refers (Special) to usenofp.o(x$fpl$usenofp) for __I$use$fp
    bigflt0.o(.text) refers to aeabi_sdiv.o(.text) for __aeabi_idivmod
    bigflt0.o(.text) refers to btod.o(CL$$btod_emul) for _btod_emul
    bigflt0.o(.text) refers to btod.o(CL$$btod_ediv) for _btod_ediv
    bigflt0.o(.text) refers to bigflt0.o(.constdata) for .constdata
    bigflt0.o(.constdata) refers (Special) to usenofp.o(x$fpl$usenofp) for __I$use$fp
    btod.o(CL$$btod_d2e) refers (Special) to usenofp.o(x$fpl$usenofp) for __I$use$fp
    btod.o(CL$$btod_d2e) refers to btod.o(CL$$btod_d2e_norm_op1) for _d2e_norm_op1
    btod.o(CL$$btod_d2e_norm_op1) refers (Special) to usenofp.o(x$fpl$usenofp) for __I$use$fp
    btod.o(CL$$btod_d2e_norm_op1) refers to btod.o(CL$$btod_d2e_denorm_low) for _d2e_denorm_low
    btod.o(CL$$btod_d2e_denorm_low) refers (Special) to usenofp.o(x$fpl$usenofp) for __I$use$fp
    btod.o(CL$$btod_emul) refers (Special) to usenofp.o(x$fpl$usenofp) for __I$use$fp
    btod.o(CL$$btod_emul) refers to btod.o(CL$$btod_mult_common) for __btod_mult_common
    btod.o(CL$$btod_emul) refers to btod.o(CL$$btod_e2e) for _e2e
    btod.o(CL$$btod_ediv) refers (Special) to usenofp.o(x$fpl$usenofp) for __I$use$fp
    btod.o(CL$$btod_ediv) refers to btod.o(CL$$btod_div_common) for __btod_div_common
    btod.o(CL$$btod_ediv) refers to btod.o(CL$$btod_e2e) for _e2e
    btod.o(CL$$btod_emuld) refers (Special) to usenofp.o(x$fpl$usenofp) for __I$use$fp
    btod.o(CL$$btod_emuld) refers to btod.o(CL$$btod_mult_common) for __btod_mult_common
    btod.o(CL$$btod_emuld) refers to btod.o(CL$$btod_e2d) for _e2d
    btod.o(CL$$btod_edivd) refers (Special) to usenofp.o(x$fpl$usenofp) for __I$use$fp
    btod.o(CL$$btod_edivd) refers to btod.o(CL$$btod_div_common) for __btod_div_common
    btod.o(CL$$btod_edivd) refers to btod.o(CL$$btod_e2d) for _e2d
    btod.o(CL$$btod_e2e) refers (Special) to usenofp.o(x$fpl$usenofp) for __I$use$fp
    btod.o(CL$$btod_e2d) refers (Special) to usenofp.o(x$fpl$usenofp) for __I$use$fp
    btod.o(CL$$btod_e2d) refers to btod.o(CL$$btod_e2e) for _e2e
    btod.o(CL$$btod_mult_common) refers (Special) to usenofp.o(x$fpl$usenofp) for __I$use$fp
    btod.o(CL$$btod_div_common) refers (Special) to usenofp.o(x$fpl$usenofp) for __I$use$fp
    lc_numeric_c.o(locale$$data) refers (Special) to libinit2.o(.ARM.Collect$$libinit$$00000016) for __rt_lib_init_lc_numeric_2
    lc_numeric_c.o(locale$$code) refers (Special) to libinit2.o(.ARM.Collect$$libinit$$00000016) for __rt_lib_init_lc_numeric_2
    lc_numeric_c.o(locale$$code) refers to strcmp.o(.text) for strcmp
    lc_numeric_c.o(locale$$code) refers to lc_numeric_c.o(locale$$data) for __lcnum_c_name
    istatus.o(x$fpl$ieeestatus) refers (Special) to usenofp.o(x$fpl$usenofp) for __I$use$fp
    fpclassify.o(i.__ARM_fpclassify) refers (Special) to usenofp.o(x$fpl$usenofp) for __I$use$fp
    libspace.o(.text) refers to libspace.o(.bss) for __libspace_start
    sys_stackheap_outer.o(.text) refers to libspace.o(.text) for __user_perproc_libspace
    sys_stackheap_outer.o(.text) refers to lpc2300.o(.text) for __user_initial_stackheap
    exit.o(.text) refers to rtexit.o(.ARM.Collect$$rtexit$$00000000) for __rt_exit
    aeabi_sdiv.o(.text_udiv) refers to aeabi_sdiv.o(.text) for __arm_div2
    aeabi_sdiv_div0.o(.text_udiv) refers to aeabi_sdiv_div0.o(.text) for __arm_div2
    libinit.o(.ARM.Collect$$libinit$$00000000) refers (Special) to libinit2.o(.ARM.Collect$$libinit$$0000002E) for __rt_lib_init_alloca_1
    libinit.o(.ARM.Collect$$libinit$$00000000) refers (Special) to libinit2.o(.ARM.Collect$$libinit$$0000002C) for __rt_lib_init_argv_1
    libinit.o(.ARM.Collect$$libinit$$00000000) refers (Special) to libinit2.o(.ARM.Collect$$libinit$$0000001B) for __rt_lib_init_atexit_1
    libinit.o(.ARM.Collect$$libinit$$00000000) refers (Special) to libinit2.o(.ARM.Collect$$libinit$$00000021) for __rt_lib_init_clock_1
    libinit.o(.ARM.Collect$$libinit$$00000000) refers (Special) to libinit2.o(.ARM.Collect$$libinit$$00000032) for __rt_lib_init_cpp_1
    libinit.o(.ARM.Collect$$libinit$$00000000) refers (Special) to libinit2.o(.ARM.Collect$$libinit$$00000030) for __rt_lib_init_exceptions_1
    libinit.o(.ARM.Collect$$libinit$$00000000) refers (Special) to libinit2.o(.ARM.Collect$$libinit$$00000002) for __rt_lib_init_fp_1
    libinit.o(.ARM.Collect$$libinit$$00000000) refers (Special) to libinit2.o(.ARM.Collect$$libinit$$0000001F) for __rt_lib_init_fp_trap_1
    libinit.o(.ARM.Collect$$libinit$$00000000) refers (Special) to libinit2.o(.ARM.Collect$$libinit$$00000023) for __rt_lib_init_getenv_1
    libinit.o(.ARM.Collect$$libinit$$00000000) refers (Special) to libinit2.o(.ARM.Collect$$libinit$$0000000A) for __rt_lib_init_heap_1
    libinit.o(.ARM.Collect$$libinit$$00000000) refers (Special) to libinit2.o(.ARM.Collect$$libinit$$00000011) for __rt_lib_init_lc_collate_1
    libinit.o(.ARM.Collect$$libinit$$00000000) refers (Special) to libinit2.o(.ARM.Collect$$libinit$$00000013) for __rt_lib_init_lc_ctype_1
    libinit.o(.ARM.Collect$$libinit$$00000000) refers (Special) to libinit2.o(.ARM.Collect$$libinit$$00000015) for __rt_lib_init_lc_monetary_1
    libinit.o(.ARM.Collect$$libinit$$00000000) refers (Special) to libinit2.o(.ARM.Collect$$libinit$$00000017) for __rt_lib_init_lc_numeric_1
    libinit.o(.ARM.Collect$$libinit$$00000000) refers (Special) to libinit2.o(.ARM.Collect$$libinit$$00000019) for __rt_lib_init_lc_time_1
    libinit.o(.ARM.Collect$$libinit$$00000000) refers (Special) to libinit2.o(.ARM.Collect$$libinit$$00000004) for __rt_lib_init_preinit_1
    libinit.o(.ARM.Collect$$libinit$$00000000) refers (Special) to libinit2.o(.ARM.Collect$$libinit$$0000000E) for __rt_lib_init_rand_1
    libinit.o(.ARM.Collect$$libinit$$00000000) refers (Special) to libinit2.o(.ARM.Collect$$libinit$$00000033) for __rt_lib_init_return
    libinit.o(.ARM.Collect$$libinit$$00000000) refers (Special) to libinit2.o(.ARM.Collect$$libinit$$0000001D) for __rt_lib_init_signal_1
    libinit.o(.ARM.Collect$$libinit$$00000000) refers (Special) to libinit2.o(.ARM.Collect$$libinit$$00000025) for __rt_lib_init_stdio_1
    libinit.o(.ARM.Collect$$libinit$$00000000) refers (Special) to libinit2.o(.ARM.Collect$$libinit$$0000000C) for __rt_lib_init_user_alloc_1
    libinit2.o(.ARM.Collect$$libinit$$00000001) refers to fpinit.o(x$fpl$fpinit) for _fp_init
    libinit2.o(.ARM.Collect$$libinit$$0000000F) refers (Weak) to rt_locale_intlibspace.o(.text) for __rt_locale
    libinit2.o(.ARM.Collect$$libinit$$00000010) refers to libinit2.o(.ARM.Collect$$libinit$$0000000F) for .ARM.Collect$$libinit$$0000000F
    libinit2.o(.ARM.Collect$$libinit$$00000012) refers to libinit2.o(.ARM.Collect$$libinit$$0000000F) for .ARM.Collect$$libinit$$0000000F
    libinit2.o(.ARM.Collect$$libinit$$00000014) refers to libinit2.o(.ARM.Collect$$libinit$$0000000F) for .ARM.Collect$$libinit$$0000000F
    libinit2.o(.ARM.Collect$$libinit$$00000016) refers to libinit2.o(.ARM.Collect$$libinit$$0000000F) for .ARM.Collect$$libinit$$0000000F
    libinit2.o(.ARM.Collect$$libinit$$00000016) refers (Weak) to lc_numeric_c.o(locale$$code) for _get_lc_numeric
    libinit2.o(.ARM.Collect$$libinit$$00000018) refers to libinit2.o(.ARM.Collect$$libinit$$0000000F) for .ARM.Collect$$libinit$$0000000F
    libinit2.o(.ARM.Collect$$libinit$$00000026) refers to argv_veneer.o(.emb_text) for __ARM_argv_veneer
    libinit2.o(.ARM.Collect$$libinit$$00000027) refers to argv_veneer.o(.emb_text) for __ARM_argv_veneer
    rtexit.o(.ARM.Collect$$rtexit$$00000000) refers (Special) to rtexit2.o(.ARM.Collect$$rtexit$$00000004) for __rt_exit_exit
    rtexit.o(.ARM.Collect$$rtexit$$00000000) refers (Special) to rtexit2.o(.ARM.Collect$$rtexit$$00000003) for __rt_exit_ls
    rtexit.o(.ARM.Collect$$rtexit$$00000000) refers (Special) to rtexit2.o(.ARM.Collect$$rtexit$$00000002) for __rt_exit_prels_1
    rtexit.o(.ARM.exidx) refers (Special) to rtexit2.o(.ARM.Collect$$rtexit$$00000004) for __rt_exit_exit
    rtexit.o(.ARM.exidx) refers (Special) to rtexit2.o(.ARM.Collect$$rtexit$$00000003) for __rt_exit_ls
    rtexit.o(.ARM.exidx) refers (Special) to rtexit2.o(.ARM.Collect$$rtexit$$00000002) for __rt_exit_prels_1
    rtexit.o(.ARM.exidx) refers to rtexit.o(.ARM.Collect$$rtexit$$00000000) for .ARM.Collect$$rtexit$$00000000
    aeabi_idiv0_sigfpe.o(.text) refers to rt_div0.o(.text) for __rt_div0
    argv_veneer.o(.emb_text) refers to no_argv.o(.text) for __ARM_get_argv
    rtexit2.o(.ARM.Collect$$rtexit$$00000003) refers to libshutdown.o(.ARM.Collect$$libshutdown$$00000000) for __rt_lib_shutdown
    rtexit2.o(.ARM.Collect$$rtexit$$00000004) refers to sys_exit.o(.text) for _sys_exit
    rtexit2.o(.ARM.exidx) refers to rtexit2.o(.ARM.Collect$$rtexit$$00000001) for .ARM.Collect$$rtexit$$00000001
    rtexit2.o(.ARM.exidx) refers to rtexit2.o(.ARM.Collect$$rtexit$$00000003) for .ARM.Collect$$rtexit$$00000003
    rtexit2.o(.ARM.exidx) refers to rtexit2.o(.ARM.Collect$$rtexit$$00000004) for .ARM.Collect$$rtexit$$00000004
    rt_div0.o(.text) refers to defsig_fpe_outer.o(.text) for __rt_SIGFPE
    _get_argv_nomalloc.o(.text) refers (Special) to hrguard.o(.text) for __heap_region$guard
    _get_argv_nomalloc.o(.text) refers to defsig_rtmem_outer.o(.text) for __rt_SIGRTMEM
    _get_argv_nomalloc.o(.text) refers to sys_command.o(.text) for _sys_command_string
    sys_command.o(.text) refers (Special) to use_no_semi.o(.text) for __I$use$semihosting
    sys_command.o(.text) refers (Special) to indicate_semi.o(.text) for __semihosting_library_function
    sys_exit.o(.text) refers (Special) to use_no_semi.o(.text) for __I$use$semihosting
    sys_exit.o(.text) refers (Special) to indicate_semi.o(.text) for __semihosting_library_function
    defsig_fpe_outer.o(.text) refers to defsig_fpe_inner.o(.text) for __rt_SIGFPE_inner
    defsig_fpe_outer.o(.text) refers to defsig_exit.o(.text) for __sig_exit
    defsig_fpe_formal.o(.text) refers to rt_raise.o(.text) for __rt_raise
    defsig_rtmem_outer.o(.text) refers to defsig_rtmem_inner.o(.text) for __rt_SIGRTMEM_inner
    defsig_rtmem_outer.o(.text) refers to defsig_exit.o(.text) for __sig_exit
    defsig_rtmem_formal.o(.text) refers to rt_raise.o(.text) for __rt_raise
    libshutdown.o(.ARM.Collect$$libshutdown$$00000000) refers (Special) to libshutdown2.o(.ARM.Collect$$libshutdown$$00000002) for __rt_lib_shutdown_cpp_1
    libshutdown.o(.ARM.Collect$$libshutdown$$00000000) refers (Special) to libshutdown2.o(.ARM.Collect$$libshutdown$$00000007) for __rt_lib_shutdown_fp_trap_1
    libshutdown.o(.ARM.Collect$$libshutdown$$00000000) refers (Special) to libshutdown2.o(.ARM.Collect$$libshutdown$$0000000F) for __rt_lib_shutdown_heap_1
    libshutdown.o(.ARM.Collect$$libshutdown$$00000000) refers (Special) to libshutdown2.o(.ARM.Collect$$libshutdown$$00000010) for __rt_lib_shutdown_return
    libshutdown.o(.ARM.Collect$$libshutdown$$00000000) refers (Special) to libshutdown2.o(.ARM.Collect$$libshutdown$$0000000A) for __rt_lib_shutdown_signal_1
    libshutdown.o(.ARM.Collect$$libshutdown$$00000000) refers (Special) to libshutdown2.o(.ARM.Collect$$libshutdown$$00000004) for __rt_lib_shutdown_stdio_1
    libshutdown.o(.ARM.Collect$$libshutdown$$00000000) refers (Special) to libshutdown2.o(.ARM.Collect$$libshutdown$$0000000C) for __rt_lib_shutdown_user_alloc_1
    rt_raise.o(.text) refers to __raise.o(.text) for __raise
    rt_raise.o(.text) refers to sys_exit.o(.text) for _sys_exit
    defsig_exit.o(.text) refers to sys_exit.o(.text) for _sys_exit
    defsig_fpe_inner.o(.text) refers to defsig_general.o(.text) for __default_signal_display
    defsig_rtmem_inner.o(.text) refers to defsig_general.o(.text) for __default_signal_display
    __raise.o(.text) refers to __printf.o(i.__ARM_common_call_via_r2) for __ARM_common_call_via_r2
    __raise.o(.text) refers to defsig.o(CL$$defsig) for __default_signal_handler
    defsig_general.o(.text) refers to sys_wrch.o(.text) for _ttywrch
    sys_wrch.o(.text) refers (Special) to use_no_semi.o(.text) for __I$use$semihosting
    sys_wrch.o(.text) refers (Special) to indicate_semi.o(.text) for __semihosting_library_function
    defsig.o(CL$$defsig) refers to defsig_fpe_inner.o(.text) for __rt_SIGFPE_inner
    defsig.o(CL$$defsig) refers to defsig_rtmem_inner.o(.text) for __rt_SIGRTMEM_inner
    defsig_abrt_inner.o(.text) refers to defsig_general.o(.text) for __default_signal_display
    defsig_rtred_inner.o(.text) refers to defsig_general.o(.text) for __default_signal_display
    defsig_stak_inner.o(.text) refers to defsig_general.o(.text) for __default_signal_display
    defsig_pvfn_inner.o(.text) refers to defsig_general.o(.text) for __default_signal_display
    defsig_cppl_inner.o(.text) refers to defsig_general.o(.text) for __default_signal_display
    defsig_segv_inner.o(.text) refers to defsig_general.o(.text) for __default_signal_display
    defsig_other.o(.text) refers to defsig_general.o(.text) for __default_signal_display


==============================================================================

Removing Unused input sections from the image.

    Removing lpc2300.o(RESET), (564 bytes).

1 unused section(s) (total 564 bytes) removed from the image.

==============================================================================

Adding Veneers to the image

    Adding TA veneer (4 bytes, Inline) for call to '_printf_percent' from __printf_wp.o(.text).
    Adding AT veneer (8 bytes, Inline) for call to '__rt_lib_init' from __rtentry2.o(.ARM.Collect$$rtentry$$0000000A).
    Adding AT veneer (8 bytes, Inline) for call to '__rt_lib_shutdown' from rtexit2.o(.ARM.Collect$$rtexit$$00000003).
    Adding TA veneer (4 bytes, Inline) for call to '__rt_exit' from exit.o(.text).
    Adding AT veneer (8 bytes, Inline) for call to '__2sprintf' from lpc_adc_assignment2.o(i.main).
    Adding TA veneer (4 bytes, Inline) for call to '__rt_locale' from libinit2.o(.ARM.Collect$$libinit$$0000000F).
    Adding TA veneer (4 bytes, Inline) for call to '_ll_udiv10' from _printf_fp_dec.o(.text).
    Adding TA veneer (4 bytes, Inline) for call to '__rt_udiv10' from _printf_fp_dec.o(.text).
    Adding TA veneer (4 bytes, Inline) for call to '__aeabi_idivmod' from bigflt0.o(.text).
    Adding AT veneer (8 bytes, Inline) for call to '_sys_exit' from rtexit2.o(.ARM.Collect$$rtexit$$00000004).
    Adding TA veneer (4 bytes, Inline) for call to '_btod_d2e' from _printf_fp_dec.o(.text).
    Adding TA veneer (4 bytes, Inline) for call to '_btod_ediv' from _printf_fp_dec.o(.text).
    Adding TA veneer (4 bytes, Inline) for call to '_btod_emul' from _printf_fp_dec.o(.text).
    Adding AT veneer (12 bytes, Long) for call to '_printf_fp_dec_real' from printf1.o(x$fpl$printf1).
    Adding TA veneer (4 bytes, Inline) for call to '__ARM_fpclassify' from _printf_fp_dec.o(.text).
    Adding TA veneer (4 bytes, Inline) for call to '_get_lc_numeric' from libinit2.o(.ARM.Collect$$libinit$$00000016).
    Adding TA veneer (4 bytes, Inline) for call to '__ieee_status' from _printf_fp_dec.o(.text).

17 Veneer(s) (total 92 bytes) added to the image.

==============================================================================

Image Symbol Table

    Local Symbols

    Symbol Name                              Value     Ov Type        Size  Object(Section)

    !!!main                                  0x00000000   Section        8  __main.o(!!!main)
    ../clib/angel/boardlib.s                 0x00000000   Number         0  boardshut.o ABSOLUTE
    ../clib/angel/boardlib.s                 0x00000000   Number         0  boardinit3.o ABSOLUTE
    ../clib/angel/boardlib.s                 0x00000000   Number         0  boardinit2.o ABSOLUTE
    ../clib/angel/boardlib.s                 0x00000000   Number         0  boardinit1.o ABSOLUTE
    ../clib/angel/handlers.s                 0x00000000   Number         0  __scatter_zi.o ABSOLUTE
    ../clib/angel/kernel.s                   0x00000000   Number         0  rtexit2.o ABSOLUTE
    ../clib/angel/kernel.s                   0x00000000   Number         0  __rtentry.o ABSOLUTE
    ../clib/angel/kernel.s                   0x00000000   Number         0  rtexit.o ABSOLUTE
    ../clib/angel/kernel.s                   0x00000000   Number         0  __rtentry4.o ABSOLUTE
    ../clib/angel/kernel.s                   0x00000000   Number         0  __rtentry2.o ABSOLUTE
    ../clib/angel/rt.s                       0x00000000   Number         0  aeabi_idiv0.o ABSOLUTE
    ../clib/angel/rt.s                       0x00000000   Number         0  rt_locale.o ABSOLUTE
    ../clib/angel/rt.s                       0x00000000   Number         0  aeabi_idiv0_sigfpe.o ABSOLUTE
    ../clib/angel/rt.s                       0x00000000   Number         0  rt_raise.o ABSOLUTE
    ../clib/angel/rt.s                       0x00000000   Number         0  rt_div0.o ABSOLUTE
    ../clib/angel/rt.s                       0x00000000   Number         0  rt_locale_intlibspace.o ABSOLUTE
    ../clib/angel/scatter.s                  0x00000000   Number         0  __scatter.o ABSOLUTE
    ../clib/angel/startup.s                  0x00000000   Number         0  __main.o ABSOLUTE
    ../clib/angel/sys.s                      0x00000000   Number         0  indicate_semi.o ABSOLUTE
    ../clib/angel/sys.s                      0x00000000   Number         0  use_no_semi.o ABSOLUTE
    ../clib/angel/sys.s                      0x00000000   Number         0  sys_stackheap_outer.o ABSOLUTE
    ../clib/angel/sys.s                      0x00000000   Number         0  libspace.o ABSOLUTE
    ../clib/angel/sysapp.c                   0x00000000   Number         0  sys_wrch.o ABSOLUTE
    ../clib/angel/sysapp.c                   0x00000000   Number         0  sys_exit.o ABSOLUTE
    ../clib/angel/sysapp.c                   0x00000000   Number         0  sys_command.o ABSOLUTE
    ../clib/armsys.c                         0x00000000   Number         0  _get_argv_nomalloc.o ABSOLUTE
    ../clib/armsys.c                         0x00000000   Number         0  argv_veneer.o ABSOLUTE
    ../clib/armsys.c                         0x00000000   Number         0  argv_veneer.o ABSOLUTE
    ../clib/armsys.c                         0x00000000   Number         0  no_argv.o ABSOLUTE
    ../clib/bigflt.c                         0x00000000   Number         0  bigflt0.o ABSOLUTE
    ../clib/btod.s                           0x00000000   Number         0  btod.o ABSOLUTE
    ../clib/division.s                       0x00000000   Number         0  aeabi_sdiv.o ABSOLUTE
    ../clib/division.s                       0x00000000   Number         0  rtudiv10.o ABSOLUTE
    ../clib/division.s                       0x00000000   Number         0  aeabi_sdiv_div0.o ABSOLUTE
    ../clib/divrt.s                          0x00000000   Number         0  divrt_7tdmi.o ABSOLUTE
    ../clib/divrt.s                          0x00000000   Number         0  divrt_7tdmi_div0.o ABSOLUTE
    ../clib/heapalloc.c                      0x00000000   Number         0  hrguard.o ABSOLUTE
    ../clib/heapaux.c                        0x00000000   Number         0  heapauxi.o ABSOLUTE
    ../clib/libinit.s                        0x00000000   Number         0  libinit.o ABSOLUTE
    ../clib/libinit.s                        0x00000000   Number         0  libshutdown2.o ABSOLUTE
    ../clib/libinit.s                        0x00000000   Number         0  libshutdown.o ABSOLUTE
    ../clib/libinit.s                        0x00000000   Number         0  libinit2.o ABSOLUTE
    ../clib/locale.s                         0x00000000   Number         0  lc_numeric_c.o ABSOLUTE
    ../clib/longlong.s                       0x00000000   Number         0  lludiv10.o ABSOLUTE
    ../clib/memcpset.s                       0x00000000   Number         0  strcmp.o ABSOLUTE
    ../clib/memcpset.s                       0x00000000   Number         0  rt_memclr_w.o ABSOLUTE
    ../clib/misc.s                           0x00000000   Number         0  printf_stubs.o ABSOLUTE
    ../clib/printf.c                         0x00000000   Number         0  __printf_flags_ss_wp.o ABSOLUTE
    ../clib/printf.c                         0x00000000   Number         0  noretval__2sprintf.o ABSOLUTE
    ../clib/printf.c                         0x00000000   Number         0  _printf_fp_dec.o ABSOLUTE
    ../clib/printf.c                         0x00000000   Number         0  _printf_char_common.o ABSOLUTE
    ../clib/printf.c                         0x00000000   Number         0  _sputc.o ABSOLUTE
    ../clib/printf.c                         0x00000000   Number         0  _printf_fp_infnan.o ABSOLUTE
    ../clib/printf.c                         0x00000000   Number         0  __printf_nopercent.o ABSOLUTE
    ../clib/printf.c                         0x00000000   Number         0  __2sprintf.o ABSOLUTE
    ../clib/printf.c                         0x00000000   Number         0  __printf.o ABSOLUTE
    ../clib/printf.c                         0x00000000   Number         0  __printf_flags.o ABSOLUTE
    ../clib/printf.c                         0x00000000   Number         0  __printf_ss.o ABSOLUTE
    ../clib/printf.c                         0x00000000   Number         0  __printf_flags_ss.o ABSOLUTE
    ../clib/printf.c                         0x00000000   Number         0  __printf_wp.o ABSOLUTE
    ../clib/printf.c                         0x00000000   Number         0  __printf_flags_wp.o ABSOLUTE
    ../clib/printf.c                         0x00000000   Number         0  __printf_ss_wp.o ABSOLUTE
    ../clib/printf_percent.s                 0x00000000   Number         0  _printf_percent.o ABSOLUTE
    ../clib/printf_percent.s                 0x00000000   Number         0  _printf_percent_end.o ABSOLUTE
    ../clib/printf_percent.s                 0x00000000   Number         0  _printf_f.o ABSOLUTE
    ../clib/signal.c                         0x00000000   Number         0  defsig_abrt_inner.o ABSOLUTE
    ../clib/signal.c                         0x00000000   Number         0  defsig_general.o ABSOLUTE
    ../clib/signal.c                         0x00000000   Number         0  __raise.o ABSOLUTE
    ../clib/signal.c                         0x00000000   Number         0  defsig_rtmem_inner.o ABSOLUTE
    ../clib/signal.c                         0x00000000   Number         0  defsig_fpe_inner.o ABSOLUTE
    ../clib/signal.c                         0x00000000   Number         0  defsig_fpe_formal.o ABSOLUTE
    ../clib/signal.c                         0x00000000   Number         0  defsig_fpe_outer.o ABSOLUTE
    ../clib/signal.c                         0x00000000   Number         0  defsig_rtred_inner.o ABSOLUTE
    ../clib/signal.c                         0x00000000   Number         0  defsig_cppl_inner.o ABSOLUTE
    ../clib/signal.c                         0x00000000   Number         0  defsig_rtmem_outer.o ABSOLUTE
    ../clib/signal.c                         0x00000000   Number         0  defsig_rtmem_formal.o ABSOLUTE
    ../clib/signal.c                         0x00000000   Number         0  defsig_stak_inner.o ABSOLUTE
    ../clib/signal.c                         0x00000000   Number         0  defsig_pvfn_inner.o ABSOLUTE
    ../clib/signal.c                         0x00000000   Number         0  defsig_segv_inner.o ABSOLUTE
    ../clib/signal.c                         0x00000000   Number         0  defsig_other.o ABSOLUTE
    ../clib/signal.c                         0x00000000   Number         0  defsig_exit.o ABSOLUTE
    ../clib/signal.s                         0x00000000   Number         0  defsig.o ABSOLUTE
    ../clib/stdlib.c                         0x00000000   Number         0  exit.o ABSOLUTE
    ../fplib/d2f.s                           0x00000000   Number         0  d2f.o ABSOLUTE
    ../fplib/ddiv.s                          0x00000000   Number         0  ddiv.o ABSOLUTE
    ../fplib/dflt.s                          0x00000000   Number         0  dflt_noclz.o ABSOLUTE
    ../fplib/dmul.s                          0x00000000   Number         0  dmul.o ABSOLUTE
    ../fplib/dnaninf.s                       0x00000000   Number         0  dnaninf.o ABSOLUTE
    ../fplib/dretinf.s                       0x00000000   Number         0  dretinf.o ABSOLUTE
    ../fplib/f2d.s                           0x00000000   Number         0  f2d.o ABSOLUTE
    ../fplib/fnaninf.s                       0x00000000   Number         0  fnaninf.o ABSOLUTE
    ../fplib/fpinit.s                        0x00000000   Number         0  fpinit.o ABSOLUTE
    ../fplib/fretinf.s                       0x00000000   Number         0  fretinf.o ABSOLUTE
    ../fplib/istatus.s                       0x00000000   Number         0  istatus.o ABSOLUTE
    ../fplib/printf1.s                       0x00000000   Number         0  printf1.o ABSOLUTE
    ../fplib/usenofp.s                       0x00000000   Number         0  usenofp.o ABSOLUTE
    ../mathlib/fpclassify.c                  0x00000000   Number         0  fpclassify.o ABSOLUTE
    LPC2300.s                                0x00000000   Number         0  lpc2300.o ABSOLUTE
    dc.s                                     0x00000000   Number         0  dc.o ABSOLUTE
    lcd.c                                    0x00000000   Number         0  lcd.o ABSOLUTE
    lpc_adc_assignment2.c                    0x00000000   Number         0  lpc_adc_assignment2.o ABSOLUTE
    !!!scatter                               0x00000008   Section       60  __scatter.o(!!!scatter)
    !!handler_zi                             0x00000044   Section       44  __scatter_zi.o(!!handler_zi)
    .ARM.Collect$$_printf_percent$$00000000  0x00000074   Section        0  _printf_percent.o(.ARM.Collect$$_printf_percent$$00000000)
    .ARM.Collect$$_printf_percent$$00000003  0x00000074   Section        8  _printf_f.o(.ARM.Collect$$_printf_percent$$00000003)
    .ARM.Collect$$_printf_percent$$00000017  0x0000007c   Section        8  _printf_percent_end.o(.ARM.Collect$$_printf_percent$$00000017)
    .ARM.Collect$$libinit$$00000000          0x0000008c   Section        2  libinit.o(.ARM.Collect$$libinit$$00000000)
    .ARM.Collect$$libinit$$00000002          0x0000008e   Section        0  libinit2.o(.ARM.Collect$$libinit$$00000002)
    .ARM.Collect$$libinit$$00000004          0x0000008e   Section        0  libinit2.o(.ARM.Collect$$libinit$$00000004)
    .ARM.Collect$$libinit$$0000000A          0x0000008e   Section        0  libinit2.o(.ARM.Collect$$libinit$$0000000A)
    .ARM.Collect$$libinit$$0000000C          0x0000008e   Section        0  libinit2.o(.ARM.Collect$$libinit$$0000000C)
    .ARM.Collect$$libinit$$0000000E          0x0000008e   Section        0  libinit2.o(.ARM.Collect$$libinit$$0000000E)
    .ARM.Collect$$libinit$$0000000F          0x0000008e   Section        6  libinit2.o(.ARM.Collect$$libinit$$0000000F)
    .ARM.Collect$$libinit$$00000011          0x00000094   Section        0  libinit2.o(.ARM.Collect$$libinit$$00000011)
    .ARM.Collect$$libinit$$00000013          0x00000094   Section        0  libinit2.o(.ARM.Collect$$libinit$$00000013)
    .ARM.Collect$$libinit$$00000015          0x00000094   Section        0  libinit2.o(.ARM.Collect$$libinit$$00000015)
    .ARM.Collect$$libinit$$00000016          0x00000094   Section       10  libinit2.o(.ARM.Collect$$libinit$$00000016)
    .ARM.Collect$$libinit$$00000017          0x0000009e   Section        0  libinit2.o(.ARM.Collect$$libinit$$00000017)
    .ARM.Collect$$libinit$$00000019          0x0000009e   Section        0  libinit2.o(.ARM.Collect$$libinit$$00000019)
    .ARM.Collect$$libinit$$0000001B          0x0000009e   Section        0  libinit2.o(.ARM.Collect$$libinit$$0000001B)
    .ARM.Collect$$libinit$$0000001D          0x0000009e   Section        0  libinit2.o(.ARM.Collect$$libinit$$0000001D)
    .ARM.Collect$$libinit$$0000001F          0x0000009e   Section        0  libinit2.o(.ARM.Collect$$libinit$$0000001F)
    .ARM.Collect$$libinit$$00000021          0x0000009e   Section        0  libinit2.o(.ARM.Collect$$libinit$$00000021)
    .ARM.Collect$$libinit$$00000023          0x0000009e   Section        0  libinit2.o(.ARM.Collect$$libinit$$00000023)
    .ARM.Collect$$libinit$$00000025          0x0000009e   Section        0  libinit2.o(.ARM.Collect$$libinit$$00000025)
    .ARM.Collect$$libinit$$0000002C          0x0000009e   Section        0  libinit2.o(.ARM.Collect$$libinit$$0000002C)
    .ARM.Collect$$libinit$$0000002E          0x0000009e   Section        0  libinit2.o(.ARM.Collect$$libinit$$0000002E)
    .ARM.Collect$$libinit$$00000030          0x0000009e   Section        0  libinit2.o(.ARM.Collect$$libinit$$00000030)
    .ARM.Collect$$libinit$$00000032          0x0000009e   Section        0  libinit2.o(.ARM.Collect$$libinit$$00000032)
    .ARM.Collect$$libinit$$00000033          0x0000009e   Section       12  libinit2.o(.ARM.Collect$$libinit$$00000033)
    .ARM.Collect$$libshutdown$$00000000      0x000000b4   Section        4  libshutdown.o(.ARM.Collect$$libshutdown$$00000000)
    .ARM.Collect$$libshutdown$$00000002      0x000000b8   Section        0  libshutdown2.o(.ARM.Collect$$libshutdown$$00000002)
    .ARM.Collect$$libshutdown$$00000004      0x000000b8   Section        0  libshutdown2.o(.ARM.Collect$$libshutdown$$00000004)
    .ARM.Collect$$libshutdown$$00000007      0x000000b8   Section        0  libshutdown2.o(.ARM.Collect$$libshutdown$$00000007)
    .ARM.Collect$$libshutdown$$0000000A      0x000000b8   Section        0  libshutdown2.o(.ARM.Collect$$libshutdown$$0000000A)
    .ARM.Collect$$libshutdown$$0000000C      0x000000b8   Section        0  libshutdown2.o(.ARM.Collect$$libshutdown$$0000000C)
    .ARM.Collect$$libshutdown$$0000000F      0x000000b8   Section        0  libshutdown2.o(.ARM.Collect$$libshutdown$$0000000F)
    .ARM.Collect$$libshutdown$$00000010      0x000000b8   Section        6  libshutdown2.o(.ARM.Collect$$libshutdown$$00000010)
    .ARM.Collect$$rtentry$$00000000          0x000000c0   Section        0  __rtentry.o(.ARM.Collect$$rtentry$$00000000)
    .ARM.Collect$$rtentry$$00000002          0x000000c0   Section        0  __rtentry2.o(.ARM.Collect$$rtentry$$00000002)
    .ARM.Collect$$rtentry$$00000004          0x000000c0   Section        8  __rtentry4.o(.ARM.Collect$$rtentry$$00000004)
    .ARM.Collect$$rtentry$$00000009          0x000000c8   Section        0  __rtentry2.o(.ARM.Collect$$rtentry$$00000009)
    .ARM.Collect$$rtentry$$0000000A          0x000000c8   Section        4  __rtentry2.o(.ARM.Collect$$rtentry$$0000000A)
    .ARM.Collect$$rtentry$$0000000C          0x000000cc   Section        0  __rtentry2.o(.ARM.Collect$$rtentry$$0000000C)
    .ARM.Collect$$rtentry$$0000000D          0x000000cc   Section       40  __rtentry2.o(.ARM.Collect$$rtentry$$0000000D)
    .ARM.Collect$$rtexit$$00000000           0x000000f8   Section        4  rtexit.o(.ARM.Collect$$rtexit$$00000000)
    .ARM.Collect$$rtexit$$00000002           0x000000fc   Section        0  rtexit2.o(.ARM.Collect$$rtexit$$00000002)
    .ARM.Collect$$rtexit$$00000003           0x000000fc   Section        4  rtexit2.o(.ARM.Collect$$rtexit$$00000003)
    .ARM.Collect$$rtexit$$00000004           0x00000100   Section        8  rtexit2.o(.ARM.Collect$$rtexit$$00000004)
    .text                                    0x00000108   Section       32  lpc2300.o(.text)
    .text                                    0x00000130   Section        0  noretval__2sprintf.o(.text)
    .text                                    0x00000158   Section        0  __printf_wp.o(.text)
    .text                                    0x00000278   Section       84  rt_memclr_w.o(.text)
    .text                                    0x000002cc   Section        0  heapauxi.o(.text)
    .text                                    0x000002d4   Section        0  _printf_fp_dec.o(.text)
    _fp_digits                               0x000002d7   Thumb Code   414  _printf_fp_dec.o(.text)
    .text                                    0x000006f4   Section        0  _printf_char_common.o(.text)
    _printf_input_char                       0x000006f5   Thumb Code    10  _printf_char_common.o(.text)
    .text                                    0x00000724   Section        0  _sputc.o(.text)
    .text                                    0x00000734   Section       12  rt_locale_intlibspace.o(.text)
    .text                                    0x00000744   Section      160  lludiv10.o(.text)
    .text                                    0x000007e4   Section        0  _printf_fp_infnan.o(.text)
    .text                                    0x00000874   Section        0  bigflt0.o(.text)
    .text                                    0x00000954   Section       44  rtudiv10.o(.text)
    .text                                    0x00000980   Section       12  libspace.o(.text)
    .text                                    0x0000098c   Section       96  sys_stackheap_outer.o(.text)
    .text                                    0x000009ec   Section        0  exit.o(.text)
    .text                                    0x00000a00   Section      244  strcmp.o(.text)
    .text                                    0x00000af8   Section      384  aeabi_sdiv.o(.text)
    __arm_div8                               0x00000b24   ARM Code       0  aeabi_sdiv.o(.text)
    __arm_div5                               0x00000b48   ARM Code       0  aeabi_sdiv.o(.text)
    __arm_div2                               0x00000b6c   ARM Code       0  aeabi_sdiv.o(.text)
    __arm_div_large                          0x00000ba8   ARM Code       0  aeabi_sdiv.o(.text)
    .text                                    0x00000c80   Section        0  sys_exit.o(.text)
    .text                                    0x00000c8c   Section        4  use_no_semi.o(.text)
    .text                                    0x00000c90   Section        0  indicate_semi.o(.text)
    CL$$btod_d2e                             0x00000c94   Section       56  btod.o(CL$$btod_d2e)
    CL$$btod_d2e_denorm_low                  0x00000ccc   Section       84  btod.o(CL$$btod_d2e_denorm_low)
    CL$$btod_d2e_norm_op1                    0x00000d20   Section      104  btod.o(CL$$btod_d2e_norm_op1)
    CL$$btod_div_common                      0x00000d88   Section      844  btod.o(CL$$btod_div_common)
    CL$$btod_e2e                             0x000010d4   Section      244  btod.o(CL$$btod_e2e)
    CL$$btod_ediv                            0x000011cc   Section       56  btod.o(CL$$btod_ediv)
    CL$$btod_emul                            0x00001208   Section       56  btod.o(CL$$btod_emul)
    CL$$btod_mult_common                     0x00001240   Section      616  btod.o(CL$$btod_mult_common)
    i.__ARM_common_call_via_r1               0x000014b4   Section        0  __printf.o(i.__ARM_common_call_via_r1)
    i.__ARM_common_call_via_r2               0x000014b6   Section        0  __printf.o(i.__ARM_common_call_via_r2)
    i.__ARM_fpclassify                       0x000014bc   Section        0  fpclassify.o(i.__ARM_fpclassify)
    i._is_digit                              0x000014ec   Section        0  __printf_wp.o(i._is_digit)
    i.delay                                  0x000014fc   Section        0  lcd.o(i.delay)
    delay                                    0x000014fc   ARM Code      24  lcd.o(i.delay)
    i.lcd_clear                              0x00001514   Section        0  lcd.o(i.lcd_clear)
    i.lcd_init                               0x00001534   Section        0  lcd.o(i.lcd_init)
    i.lcd_print                              0x000015f4   Section        0  lcd.o(i.lcd_print)
    i.lcd_putchar                            0x0000161c   Section        0  lcd.o(i.lcd_putchar)
    i.lcd_read_status                        0x00001634   Section        0  lcd.o(i.lcd_read_status)
    lcd_read_status                          0x00001634   ARM Code     188  lcd.o(i.lcd_read_status)
    i.lcd_write_4bit                         0x000016f4   Section        0  lcd.o(i.lcd_write_4bit)
    i.lcd_write_cmd                          0x0000174c   Section        0  lcd.o(i.lcd_write_cmd)
    i.lcd_write_data                         0x00001780   Section        0  lcd.o(i.lcd_write_data)
    lcd_write_data                           0x00001780   ARM Code      48  lcd.o(i.lcd_write_data)
    i.main                                   0x000017b4   Section        0  lpc_adc_assignment2.o(i.main)
    i.set_cursor                             0x00001960   Section        0  lcd.o(i.set_cursor)
    i.wait                                   0x00001994   Section        0  lpc_adc_assignment2.o(i.wait)
    i.wait_while_busy                        0x000019c0   Section        0  lcd.o(i.wait_while_busy)
    wait_while_busy                          0x000019c0   ARM Code      32  lcd.o(i.wait_while_busy)
    locale$$code                             0x000019e4   Section       80  lc_numeric_c.o(locale$$code)
    x$fpl$d2f                                0x00001a34   Section      108  d2f.o(x$fpl$d2f)
    x$fpl$ddiv                               0x00001aa0   Section      736  ddiv.o(x$fpl$ddiv)
    ddiv_entry                               0x00001aa8   ARM Code       0  ddiv.o(x$fpl$ddiv)
    x$fpl$dflt                               0x00001d80   Section       88  dflt_noclz.o(x$fpl$dflt)
    x$fpl$dfltu                              0x00001dd8   Section       12  dflt_noclz.o(x$fpl$dfltu)
    x$fpl$dmul                               0x00001de4   Section      384  dmul.o(x$fpl$dmul)
    x$fpl$dnaninf                            0x00001f64   Section      192  dnaninf.o(x$fpl$dnaninf)
    x$fpl$dretinf                            0x00002024   Section       16  dretinf.o(x$fpl$dretinf)
    x$fpl$f2d                                0x00002034   Section      100  f2d.o(x$fpl$f2d)
    x$fpl$fnaninf                            0x00002098   Section      168  fnaninf.o(x$fpl$fnaninf)
    x$fpl$fretinf                            0x00002140   Section       16  fretinf.o(x$fpl$fretinf)
    x$fpl$ieeestatus                         0x00002154   Section        8  istatus.o(x$fpl$ieeestatus)
    x$fpl$printf1                            0x0000215c   Section        4  printf1.o(x$fpl$printf1)
    .constdata                               0x00002160   Section       64  lcd.o(.constdata)
    x$fpl$usenofp                            0x00002160   Section        0  usenofp.o(x$fpl$usenofp)
    .constdata                               0x000021a0   Section      148  bigflt0.o(.constdata)
    tenpwrs_x                                0x000021a0   Data          60  bigflt0.o(.constdata)
    tenpwrs_i                                0x000021dc   Data          64  bigflt0.o(.constdata)
    locale$$data                             0x00002244   Section       28  lc_numeric_c.o(locale$$data)
    __lcnum_c_name                           0x00002248   Data           2  lc_numeric_c.o(locale$$data)
    __lcnum_c_start                          0x00002250   Data           0  lc_numeric_c.o(locale$$data)
    __lcnum_c_point                          0x0000225c   Data           0  lc_numeric_c.o(locale$$data)
    __lcnum_c_thousands                      0x0000225e   Data           0  lc_numeric_c.o(locale$$data)
    __lcnum_c_grouping                       0x0000225f   Data           0  lc_numeric_c.o(locale$$data)
    __lcnum_c_end                            0x00002260   Data           0  lc_numeric_c.o(locale$$data)
    .bss                                     0x40000000   Section       96  libspace.o(.bss)
    HEAP                                     0x40000060   Section        0  lpc2300.o(HEAP)
    STACK                                    0x40000060   Section     1288  lpc2300.o(STACK)
    Heap_Mem                                 0x40000060   Data           0  lpc2300.o(HEAP)
    Stack_Mem                                0x40000060   Data        1024  lpc2300.o(STACK)
    Stack_Top                                0x40000568   Data           0  lpc2300.o(STACK)

    Global Symbols

    Symbol Name                              Value     Ov Type        Size  Object(Section)

    BuildAttributes$$THM_ISAv1$ARM_ISAv4$S$PE$A:L22$X:L11$S22$IEEE1$IW$USESV6$~STKCKD$USESV7$~SHL$OTIME$ROPI$IEEEJ$EBA8$UX$STANDARDLIB$REQ8$PRES8$EABIv2 0x00000000   Number         0  anon$$obj.o ABSOLUTE
    __ARM_use_no_argv                        0x00000000   Number         0  lpc_adc_assignment2.o ABSOLUTE
    __main                                   0x00000000   ARM Code       8  __main.o(!!!main)
    _printf_flags                            0x00000000   Number         0  printf_stubs.o ABSOLUTE
    _printf_return_value                     0x00000000   Number         0  printf_stubs.o ABSOLUTE
    _printf_sizespec                         0x00000000   Number         0  printf_stubs.o ABSOLUTE
    _printf_widthprec                        0x00000000   Number         0  printf_stubs.o ABSOLUTE
    __ARM_exceptions_init                     - Undefined Weak Reference
    __alloca_initialize                       - Undefined Weak Reference
    __arm_preinit_                            - Undefined Weak Reference
    __cpp_initialize__aeabi_                  - Undefined Weak Reference
    __cxa_finalize                            - Undefined Weak Reference
    __sigvec_lookup                           - Undefined Weak Reference
    _atexit_init                              - Undefined Weak Reference
    _call_atexit_fns                          - Undefined Weak Reference
    _clock_init                               - Undefined Weak Reference
    _fp_trap_init                             - Undefined Weak Reference
    _fp_trap_shutdown                         - Undefined Weak Reference
    _get_lc_collate                           - Undefined Weak Reference
    _get_lc_ctype                             - Undefined Weak Reference
    _get_lc_monetary                          - Undefined Weak Reference
    _get_lc_time                              - Undefined Weak Reference
    _getenv_init                              - Undefined Weak Reference
    _handle_redirection                       - Undefined Weak Reference
    _init_alloc                               - Undefined Weak Reference
    _init_user_alloc                          - Undefined Weak Reference
    _initio                                   - Undefined Weak Reference
    _printf_post_padding                      - Undefined Weak Reference
    _printf_pre_padding                       - Undefined Weak Reference
    _rand_init                                - Undefined Weak Reference
    _signal_finish                            - Undefined Weak Reference
    _signal_init                              - Undefined Weak Reference
    _terminate_alloc                          - Undefined Weak Reference
    _terminate_user_alloc                     - Undefined Weak Reference
    _terminateio                              - Undefined Weak Reference
    __scatterload                            0x00000008   ARM Code       0  __scatter.o(!!!scatter)
    __scatterload_rt2                        0x00000008   ARM Code      52  __scatter.o(!!!scatter)
    __scatterload_null                       0x0000001c   ARM Code       0  __scatter.o(!!!scatter)
    __scatterload_zeroinit                   0x00000044   ARM Code      44  __scatter_zi.o(!!handler_zi)
    Inline Thumb to ARM Veneer to _printf_percent 0x00000071   Thumb Code     4  _printf_percent.o(.ARM.Collect$$_printf_percent$$00000000)
    _printf_f                                0x00000074   ARM Code       0  _printf_f.o(.ARM.Collect$$_printf_percent$$00000003)
    _printf_percent                          0x00000074   ARM Code       0  _printf_percent.o(.ARM.Collect$$_printf_percent$$00000000)
    _printf_percent_end                      0x0000007c   ARM Code       0  _printf_percent_end.o(.ARM.Collect$$_printf_percent$$00000017)
    Inline ARM to Thumb Veneer to __rt_lib_init 0x00000084   ARM Code       8  libinit.o(.ARM.Collect$$libinit$$00000000)
    __rt_lib_init                            0x0000008d   Thumb Code     0  libinit.o(.ARM.Collect$$libinit$$00000000)
    __rt_lib_init_fp_1                       0x0000008f   Thumb Code     0  libinit2.o(.ARM.Collect$$libinit$$00000002)
    __rt_lib_init_heap_1                     0x0000008f   Thumb Code     0  libinit2.o(.ARM.Collect$$libinit$$0000000A)
    __rt_lib_init_lc_common                  0x0000008f   Thumb Code     0  libinit2.o(.ARM.Collect$$libinit$$0000000F)
    __rt_lib_init_preinit_1                  0x0000008f   Thumb Code     0  libinit2.o(.ARM.Collect$$libinit$$00000004)
    __rt_lib_init_rand_1                     0x0000008f   Thumb Code     0  libinit2.o(.ARM.Collect$$libinit$$0000000E)
    __rt_lib_init_user_alloc_1               0x0000008f   Thumb Code     0  libinit2.o(.ARM.Collect$$libinit$$0000000C)
    __rt_lib_init_lc_collate_1               0x00000095   Thumb Code     0  libinit2.o(.ARM.Collect$$libinit$$00000011)
    __rt_lib_init_lc_ctype_1                 0x00000095   Thumb Code     0  libinit2.o(.ARM.Collect$$libinit$$00000013)
    __rt_lib_init_lc_monetary_1              0x00000095   Thumb Code     0  libinit2.o(.ARM.Collect$$libinit$$00000015)
    __rt_lib_init_lc_numeric_2               0x00000095   Thumb Code     0  libinit2.o(.ARM.Collect$$libinit$$00000016)
    __rt_lib_init_alloca_1                   0x0000009f   Thumb Code     0  libinit2.o(.ARM.Collect$$libinit$$0000002E)
    __rt_lib_init_argv_1                     0x0000009f   Thumb Code     0  libinit2.o(.ARM.Collect$$libinit$$0000002C)
    __rt_lib_init_atexit_1                   0x0000009f   Thumb Code     0  libinit2.o(.ARM.Collect$$libinit$$0000001B)
    __rt_lib_init_clock_1                    0x0000009f   Thumb Code     0  libinit2.o(.ARM.Collect$$libinit$$00000021)
    __rt_lib_init_cpp_1                      0x0000009f   Thumb Code     0  libinit2.o(.ARM.Collect$$libinit$$00000032)
    __rt_lib_init_exceptions_1               0x0000009f   Thumb Code     0  libinit2.o(.ARM.Collect$$libinit$$00000030)
    __rt_lib_init_fp_trap_1                  0x0000009f   Thumb Code     0  libinit2.o(.ARM.Collect$$libinit$$0000001F)
    __rt_lib_init_getenv_1                   0x0000009f   Thumb Code     0  libinit2.o(.ARM.Collect$$libinit$$00000023)
    __rt_lib_init_lc_numeric_1               0x0000009f   Thumb Code     0  libinit2.o(.ARM.Collect$$libinit$$00000017)
    __rt_lib_init_lc_time_1                  0x0000009f   Thumb Code     0  libinit2.o(.ARM.Collect$$libinit$$00000019)
    __rt_lib_init_return                     0x0000009f   Thumb Code     0  libinit2.o(.ARM.Collect$$libinit$$00000033)
    __rt_lib_init_signal_1                   0x0000009f   Thumb Code     0  libinit2.o(.ARM.Collect$$libinit$$0000001D)
    __rt_lib_init_stdio_1                    0x0000009f   Thumb Code     0  libinit2.o(.ARM.Collect$$libinit$$00000025)
    Inline ARM to Thumb Veneer to __rt_lib_shutdown 0x000000ac   ARM Code       8  libshutdown.o(.ARM.Collect$$libshutdown$$00000000)
    __rt_lib_shutdown                        0x000000b5   Thumb Code     0  libshutdown.o(.ARM.Collect$$libshutdown$$00000000)
    __rt_lib_shutdown_cpp_1                  0x000000b9   Thumb Code     0  libshutdown2.o(.ARM.Collect$$libshutdown$$00000002)
    __rt_lib_shutdown_fp_trap_1              0x000000b9   Thumb Code     0  libshutdown2.o(.ARM.Collect$$libshutdown$$00000007)
    __rt_lib_shutdown_heap_1                 0x000000b9   Thumb Code     0  libshutdown2.o(.ARM.Collect$$libshutdown$$0000000F)
    __rt_lib_shutdown_return                 0x000000b9   Thumb Code     0  libshutdown2.o(.ARM.Collect$$libshutdown$$00000010)
    __rt_lib_shutdown_signal_1               0x000000b9   Thumb Code     0  libshutdown2.o(.ARM.Collect$$libshutdown$$0000000A)
    __rt_lib_shutdown_stdio_1                0x000000b9   Thumb Code     0  libshutdown2.o(.ARM.Collect$$libshutdown$$00000004)
    __rt_lib_shutdown_user_alloc_1           0x000000b9   Thumb Code     0  libshutdown2.o(.ARM.Collect$$libshutdown$$0000000C)
    __rt_entry                               0x000000c0   ARM Code       0  __rtentry.o(.ARM.Collect$$rtentry$$00000000)
    __rt_entry_presh_1                       0x000000c0   ARM Code       0  __rtentry2.o(.ARM.Collect$$rtentry$$00000002)
    __rt_entry_sh                            0x000000c0   ARM Code       0  __rtentry4.o(.ARM.Collect$$rtentry$$00000004)
    __rt_entry_li                            0x000000c8   ARM Code       0  __rtentry2.o(.ARM.Collect$$rtentry$$0000000A)
    __rt_entry_postsh_1                      0x000000c8   ARM Code       0  __rtentry2.o(.ARM.Collect$$rtentry$$00000009)
    __rt_entry_main                          0x000000cc   ARM Code       0  __rtentry2.o(.ARM.Collect$$rtentry$$0000000D)
    __rt_entry_postli_1                      0x000000cc   ARM Code       0  __rtentry2.o(.ARM.Collect$$rtentry$$0000000C)
    Inline Thumb to ARM Veneer to __rt_exit  0x000000f5   Thumb Code     4  rtexit.o(.ARM.Collect$$rtexit$$00000000)
    __rt_exit                                0x000000f8   ARM Code       0  rtexit.o(.ARM.Collect$$rtexit$$00000000)
    __rt_exit_ls                             0x000000fc   ARM Code       0  rtexit2.o(.ARM.Collect$$rtexit$$00000003)
    __rt_exit_prels_1                        0x000000fc   ARM Code       0  rtexit2.o(.ARM.Collect$$rtexit$$00000002)
    __rt_exit_exit                           0x00000100   ARM Code       0  rtexit2.o(.ARM.Collect$$rtexit$$00000004)
    __user_initial_stackheap                 0x00000108   ARM Code       0  lpc2300.o(.text)
    Inline ARM to Thumb Veneer to __2sprintf 0x00000128   ARM Code       8  noretval__2sprintf.o(.text)
    __2sprintf                               0x00000131   Thumb Code    36  noretval__2sprintf.o(.text)
    __printf                                 0x00000159   Thumb Code   286  __printf_wp.o(.text)
    __aeabi_memclr4                          0x00000278   ARM Code       0  rt_memclr_w.o(.text)
    __aeabi_memclr8                          0x00000278   ARM Code       0  rt_memclr_w.o(.text)
    __rt_memclr_w                            0x00000278   ARM Code      84  rt_memclr_w.o(.text)
    _memset_w                                0x0000027c   ARM Code       0  rt_memclr_w.o(.text)
    __use_two_region_memory                  0x000002cd   Thumb Code     2  heapauxi.o(.text)
    __rt_heap_escrow$2region                 0x000002cf   Thumb Code     2  heapauxi.o(.text)
    __rt_heap_expand$2region                 0x000002d1   Thumb Code     2  heapauxi.o(.text)
    __lib_sel_fp_printf                      0x000002d5   Thumb Code     2  _printf_fp_dec.o(.text)
    _printf_fp_dec_real                      0x00000475   Thumb Code   628  _printf_fp_dec.o(.text)
    _printf_char_common                      0x000006ff   Thumb Code    34  _printf_char_common.o(.text)
    _sputc                                   0x00000725   Thumb Code    10  _sputc.o(.text)
    Inline Thumb to ARM Veneer to __rt_locale 0x00000731   Thumb Code     4  rt_locale_intlibspace.o(.text)
    __rt_locale                              0x00000734   ARM Code      12  rt_locale_intlibspace.o(.text)
    Inline Thumb to ARM Veneer to _ll_udiv10 0x00000741   Thumb Code     4  lludiv10.o(.text)
    _ll_udiv10                               0x00000744   ARM Code     160  lludiv10.o(.text)
    _printf_fp_infnan                        0x000007e5   Thumb Code   128  _printf_fp_infnan.o(.text)
    _btod_etento                             0x00000875   Thumb Code   214  bigflt0.o(.text)
    Inline Thumb to ARM Veneer to __rt_udiv10 0x00000951   Thumb Code     4  rtudiv10.o(.text)
    __rt_udiv10                              0x00000954   ARM Code      44  rtudiv10.o(.text)
    __user_libspace                          0x00000980   ARM Code      12  libspace.o(.text)
    __user_perproc_libspace                  0x00000980   ARM Code       0  libspace.o(.text)
    __user_perthread_libspace                0x00000980   ARM Code       0  libspace.o(.text)
    __user_setup_stackheap                   0x0000098c   ARM Code      96  sys_stackheap_outer.o(.text)
    exit                                     0x000009ed   Thumb Code    20  exit.o(.text)
    strcmp                                   0x00000a00   ARM Code     240  strcmp.o(.text)
    Inline Thumb to ARM Veneer to __aeabi_idivmod 0x00000af5   Thumb Code     4  aeabi_sdiv.o(.text)
    __aeabi_idiv                             0x00000af8   ARM Code       0  aeabi_sdiv.o(.text)
    __aeabi_idivmod                          0x00000af8   ARM Code     384  aeabi_sdiv.o(.text)
    Inline ARM to Thumb Veneer to _sys_exit  0x00000c78   ARM Code       8  sys_exit.o(.text)
    _sys_exit                                0x00000c81   Thumb Code     8  sys_exit.o(.text)
    __I$use$semihosting                      0x00000c8c   ARM Code       0  use_no_semi.o(.text)
    __use_no_semihosting_swi                 0x00000c8c   ARM Code       4  use_no_semi.o(.text)
    Inline Thumb to ARM Veneer to _btod_d2e  0x00000c91   Thumb Code     4  btod.o(CL$$btod_d2e)
    __semihosting_library_function           0x00000c90   ARM Code       0  indicate_semi.o(.text)
    _btod_d2e                                0x00000c94   ARM Code      56  btod.o(CL$$btod_d2e)
    _d2e_denorm_low                          0x00000ccc   ARM Code      84  btod.o(CL$$btod_d2e_denorm_low)
    _d2e_norm_op1                            0x00000d20   ARM Code     104  btod.o(CL$$btod_d2e_norm_op1)
    __btod_div_common                        0x00000d88   ARM Code     716  btod.o(CL$$btod_div_common)
    _e2e                                     0x000010d4   ARM Code     244  btod.o(CL$$btod_e2e)
    Inline Thumb to ARM Veneer to _btod_ediv 0x000011c9   Thumb Code     4  btod.o(CL$$btod_ediv)
    _btod_ediv                               0x000011cc   ARM Code      56  btod.o(CL$$btod_ediv)
    Inline Thumb to ARM Veneer to _btod_emul 0x00001205   Thumb Code     4  btod.o(CL$$btod_emul)
    _btod_emul                               0x00001208   ARM Code      56  btod.o(CL$$btod_emul)
    __btod_mult_common                       0x00001240   ARM Code     616  btod.o(CL$$btod_mult_common)
    Long ARM to Thumb Veneer to _printf_fp_dec_real 0x000014a8   ARM Code      12  anon$$obj.o(Veneer$$Code)
    __ARM_common_call_via_r1                 0x000014b5   Thumb Code     2  __printf.o(i.__ARM_common_call_via_r1)
    __ARM_common_call_via_r2                 0x000014b7   Thumb Code     2  __printf.o(i.__ARM_common_call_via_r2)
    Inline Thumb to ARM Veneer to __ARM_fpclassify 0x000014b9   Thumb Code     4  fpclassify.o(i.__ARM_fpclassify)
    __ARM_fpclassify                         0x000014bc   ARM Code      48  fpclassify.o(i.__ARM_fpclassify)
    _is_digit                                0x000014ed   Thumb Code    14  __printf_wp.o(i._is_digit)
    lcd_clear                                0x00001514   ARM Code      32  lcd.o(i.lcd_clear)
    lcd_init                                 0x00001534   ARM Code     176  lcd.o(i.lcd_init)
    lcd_print                                0x000015f4   ARM Code      40  lcd.o(i.lcd_print)
    lcd_putchar                              0x0000161c   ARM Code      24  lcd.o(i.lcd_putchar)
    lcd_write_4bit                           0x000016f4   ARM Code      84  lcd.o(i.lcd_write_4bit)
    lcd_write_cmd                            0x0000174c   ARM Code      48  lcd.o(i.lcd_write_cmd)
    main                                     0x000017b4   ARM Code     364  lpc_adc_assignment2.o(i.main)
    set_cursor                               0x00001960   ARM Code      52  lcd.o(i.set_cursor)
    wait                                     0x00001994   ARM Code      44  lpc_adc_assignment2.o(i.wait)
    Inline Thumb to ARM Veneer to _get_lc_numeric 0x000019e1   Thumb Code     4  lc_numeric_c.o(locale$$code)
    _get_lc_numeric                          0x000019e4   ARM Code      80  lc_numeric_c.o(locale$$code)
    __aeabi_d2f                              0x00001a34   ARM Code       0  d2f.o(x$fpl$d2f)
    _d2f                                     0x00001a34   ARM Code     108  d2f.o(x$fpl$d2f)
    __aeabi_ddiv                             0x00001aa0   ARM Code       0  ddiv.o(x$fpl$ddiv)
    _ddiv                                    0x00001aa0   ARM Code     600  ddiv.o(x$fpl$ddiv)
    __aeabi_i2d                              0x00001d80   ARM Code       0  dflt_noclz.o(x$fpl$dflt)
    _dflt                                    0x00001d80   ARM Code      88  dflt_noclz.o(x$fpl$dflt)
    __dflt_normalise                         0x00001d90   ARM Code       0  dflt_noclz.o(x$fpl$dflt)
    __aeabi_ui2d                             0x00001dd8   ARM Code       0  dflt_noclz.o(x$fpl$dfltu)
    _dfltu                                   0x00001dd8   ARM Code      12  dflt_noclz.o(x$fpl$dfltu)
    __aeabi_dmul                             0x00001de4   ARM Code       0  dmul.o(x$fpl$dmul)
    _dmul                                    0x00001de4   ARM Code     372  dmul.o(x$fpl$dmul)
    __fpl_dnaninf                            0x00001f64   ARM Code     192  dnaninf.o(x$fpl$dnaninf)
    __fpl_dretinf                            0x00002024   ARM Code      16  dretinf.o(x$fpl$dretinf)
    __aeabi_f2d                              0x00002034   ARM Code       0  f2d.o(x$fpl$f2d)
    _f2d                                     0x00002034   ARM Code     100  f2d.o(x$fpl$f2d)
    __fpl_fnaninf                            0x00002098   ARM Code     168  fnaninf.o(x$fpl$fnaninf)
    __fpl_fretinf                            0x00002140   ARM Code      16  fretinf.o(x$fpl$fretinf)
    Inline Thumb to ARM Veneer to __ieee_status 0x00002151   Thumb Code     4  istatus.o(x$fpl$ieeestatus)
    __ieee_status                            0x00002154   ARM Code       8  istatus.o(x$fpl$ieeestatus)
    _printf_fp_dec                           0x0000215c   ARM Code       4  printf1.o(x$fpl$printf1)
    UserFont                                 0x00002160   Data          64  lcd.o(.constdata)
    __I$use$fp                               0x00002160   Number         0  usenofp.o(x$fpl$usenofp)
    Region$$Table$$Base                      0x00002234   Number         0  anon$$obj.o(Region$$Table)
    Region$$Table$$Limit                     0x00002244   Number         0  anon$$obj.o(Region$$Table)
    __libspace_start                         0x40000000   Data          96  libspace.o(.bss)
    __temporary_stack_top$libspace           0x40000060   Data           0  libspace.o(.bss)



==============================================================================

Memory Map of the image

  Image Entry point : 0x00000000

  Load Region LR_1 (Base: 0x00000000, Size: 0x00002260, Max: 0xffffffff, ABSOLUTE)

    Execution Region ER_RO (Exec base: 0x00000000, Load base: 0x00000000, Size: 0x00002260, Max: 0xffffffff, ABSOLUTE)

    Exec Addr    Load Addr    Size         Type   Attr      Idx    E Section Name        Object

    0x00000000   0x00000000   0x00000008   Code   RO          158  * !!!main             c_t.l(__main.o)
    0x00000008   0x00000008   0x0000003c   Code   RO          424    !!!scatter          c_t.l(__scatter.o)
    0x00000044   0x00000044   0x0000002c   Code   RO          426    !!handler_zi        c_t.l(__scatter_zi.o)
    0x00000070   0x00000070   0x00000004   Ven    RO          153    .ARM.Collect$$_printf_percent$$00000000  c_t.l(_printf_percent.o)
    0x00000074   0x00000074   0x00000000   Code   RO          153    .ARM.Collect$$_printf_percent$$00000000  c_t.l(_printf_percent.o)
    0x00000074   0x00000074   0x00000008   Code   RO          152    .ARM.Collect$$_printf_percent$$00000003  c_t.l(_printf_f.o)
    0x0000007c   0x0000007c   0x00000008   Code   RO          183    .ARM.Collect$$_printf_percent$$00000017  c_t.l(_printf_percent_end.o)
    0x00000084   0x00000084   0x00000008   Ven    RO          287    .ARM.Collect$$libinit$$00000000  c_t.l(libinit.o)
    0x0000008c   0x0000008c   0x00000002   Code   RO          287    .ARM.Collect$$libinit$$00000000  c_t.l(libinit.o)
    0x0000008e   0x0000008e   0x00000000   Code   RO          289    .ARM.Collect$$libinit$$00000002  c_t.l(libinit2.o)
    0x0000008e   0x0000008e   0x00000000   Code   RO          291    .ARM.Collect$$libinit$$00000004  c_t.l(libinit2.o)
    0x0000008e   0x0000008e   0x00000000   Code   RO          294    .ARM.Collect$$libinit$$0000000A  c_t.l(libinit2.o)
    0x0000008e   0x0000008e   0x00000000   Code   RO          296    .ARM.Collect$$libinit$$0000000C  c_t.l(libinit2.o)
    0x0000008e   0x0000008e   0x00000000   Code   RO          298    .ARM.Collect$$libinit$$0000000E  c_t.l(libinit2.o)
    0x0000008e   0x0000008e   0x00000006   Code   RO          299    .ARM.Collect$$libinit$$0000000F  c_t.l(libinit2.o)
    0x00000094   0x00000094   0x00000000   Code   RO          301    .ARM.Collect$$libinit$$00000011  c_t.l(libinit2.o)
    0x00000094   0x00000094   0x00000000   Code   RO          303    .ARM.Collect$$libinit$$00000013  c_t.l(libinit2.o)
    0x00000094   0x00000094   0x00000000   Code   RO          305    .ARM.Collect$$libinit$$00000015  c_t.l(libinit2.o)
    0x00000094   0x00000094   0x0000000a   Code   RO          306    .ARM.Collect$$libinit$$00000016  c_t.l(libinit2.o)
    0x0000009e   0x0000009e   0x00000000   Code   RO          307    .ARM.Collect$$libinit$$00000017  c_t.l(libinit2.o)
    0x0000009e   0x0000009e   0x00000000   Code   RO          309    .ARM.Collect$$libinit$$00000019  c_t.l(libinit2.o)
    0x0000009e   0x0000009e   0x00000000   Code   RO          311    .ARM.Collect$$libinit$$0000001B  c_t.l(libinit2.o)
    0x0000009e   0x0000009e   0x00000000   Code   RO          313    .ARM.Collect$$libinit$$0000001D  c_t.l(libinit2.o)
    0x0000009e   0x0000009e   0x00000000   Code   RO          315    .ARM.Collect$$libinit$$0000001F  c_t.l(libinit2.o)
    0x0000009e   0x0000009e   0x00000000   Code   RO          317    .ARM.Collect$$libinit$$00000021  c_t.l(libinit2.o)
    0x0000009e   0x0000009e   0x00000000   Code   RO          319    .ARM.Collect$$libinit$$00000023  c_t.l(libinit2.o)
    0x0000009e   0x0000009e   0x00000000   Code   RO          321    .ARM.Collect$$libinit$$00000025  c_t.l(libinit2.o)
    0x0000009e   0x0000009e   0x00000000   Code   RO          325    .ARM.Collect$$libinit$$0000002C  c_t.l(libinit2.o)
    0x0000009e   0x0000009e   0x00000000   Code   RO          327    .ARM.Collect$$libinit$$0000002E  c_t.l(libinit2.o)
    0x0000009e   0x0000009e   0x00000000   Code   RO          329    .ARM.Collect$$libinit$$00000030  c_t.l(libinit2.o)
    0x0000009e   0x0000009e   0x00000000   Code   RO          331    .ARM.Collect$$libinit$$00000032  c_t.l(libinit2.o)
    0x0000009e   0x0000009e   0x0000000c   Code   RO          332    .ARM.Collect$$libinit$$00000033  c_t.l(libinit2.o)
    0x000000aa   0x000000aa   0x00000002   PAD
    0x000000ac   0x000000ac   0x00000008   Ven    RO          372    .ARM.Collect$$libshutdown$$00000000  c_t.l(libshutdown.o)
    0x000000b4   0x000000b4   0x00000004   Code   RO          372    .ARM.Collect$$libshutdown$$00000000  c_t.l(libshutdown.o)
    0x000000b8   0x000000b8   0x00000000   Code   RO          385    .ARM.Collect$$libshutdown$$00000002  c_t.l(libshutdown2.o)
    0x000000b8   0x000000b8   0x00000000   Code   RO          387    .ARM.Collect$$libshutdown$$00000004  c_t.l(libshutdown2.o)
    0x000000b8   0x000000b8   0x00000000   Code   RO          390    .ARM.Collect$$libshutdown$$00000007  c_t.l(libshutdown2.o)
    0x000000b8   0x000000b8   0x00000000   Code   RO          393    .ARM.Collect$$libshutdown$$0000000A  c_t.l(libshutdown2.o)
    0x000000b8   0x000000b8   0x00000000   Code   RO          395    .ARM.Collect$$libshutdown$$0000000C  c_t.l(libshutdown2.o)
    0x000000b8   0x000000b8   0x00000000   Code   RO          398    .ARM.Collect$$libshutdown$$0000000F  c_t.l(libshutdown2.o)
    0x000000b8   0x000000b8   0x00000006   Code   RO          399    .ARM.Collect$$libshutdown$$00000010  c_t.l(libshutdown2.o)
    0x000000be   0x000000be   0x00000002   PAD
    0x000000c0   0x000000c0   0x00000000   Code   RO          176    .ARM.Collect$$rtentry$$00000000  c_t.l(__rtentry.o)
    0x000000c0   0x000000c0   0x00000000   Code   RO          194    .ARM.Collect$$rtentry$$00000002  c_t.l(__rtentry2.o)
    0x000000c0   0x000000c0   0x00000008   Code   RO          206    .ARM.Collect$$rtentry$$00000004  c_t.l(__rtentry4.o)
    0x000000c8   0x000000c8   0x00000000   Code   RO          196    .ARM.Collect$$rtentry$$00000009  c_t.l(__rtentry2.o)
    0x000000c8   0x000000c8   0x00000004   Code   RO          197    .ARM.Collect$$rtentry$$0000000A  c_t.l(__rtentry2.o)
    0x000000cc   0x000000cc   0x00000000   Code   RO          199    .ARM.Collect$$rtentry$$0000000C  c_t.l(__rtentry2.o)
    0x000000cc   0x000000cc   0x00000028   Code   RO          200    .ARM.Collect$$rtentry$$0000000D  c_t.l(__rtentry2.o)
    0x000000f4   0x000000f4   0x00000004   Ven    RO          333    .ARM.Collect$$rtexit$$00000000  c_t.l(rtexit.o)
    0x000000f8   0x000000f8   0x00000004   Code   RO          333    .ARM.Collect$$rtexit$$00000000  c_t.l(rtexit.o)
    0x000000fc   0x000000fc   0x00000000   Code   RO          344    .ARM.Collect$$rtexit$$00000002  c_t.l(rtexit2.o)
    0x000000fc   0x000000fc   0x00000004   Code   RO          345    .ARM.Collect$$rtexit$$00000003  c_t.l(rtexit2.o)
    0x00000100   0x00000100   0x00000008   Code   RO          346    .ARM.Collect$$rtexit$$00000004  c_t.l(rtexit2.o)
    0x00000108   0x00000108   0x00000020   Code   RO            4    .text               lpc2300.o
    0x00000128   0x00000128   0x00000008   Ven    RO          124    .text               c_t.l(noretval__2sprintf.o)
    0x00000130   0x00000130   0x00000028   Code   RO          124    .text               c_t.l(noretval__2sprintf.o)
    0x00000158   0x00000158   0x0000011e   Code   RO          140    .text               c_t.l(__printf_wp.o)
    0x00000276   0x00000276   0x00000002   PAD
    0x00000278   0x00000278   0x00000054   Code   RO          154    .text               c_t.l(rt_memclr_w.o)
    0x000002cc   0x000002cc   0x00000006   Code   RO          156    .text               c_t.l(heapauxi.o)
    0x000002d2   0x000002d2   0x00000002   PAD
    0x000002d4   0x000002d4   0x00000420   Code   RO          177    .text               c_t.l(_printf_fp_dec.o)
    0x000006f4   0x000006f4   0x00000030   Code   RO          179    .text               c_t.l(_printf_char_common.o)
    0x00000724   0x00000724   0x0000000a   Code   RO          181    .text               c_t.l(_sputc.o)
    0x0000072e   0x0000072e   0x00000002   PAD
    0x00000730   0x00000730   0x00000004   Ven    RO          211    .text               c_t.l(rt_locale_intlibspace.o)
    0x00000734   0x00000734   0x0000000c   Code   RO          211    .text               c_t.l(rt_locale_intlibspace.o)
    0x00000740   0x00000740   0x00000004   Ven    RO          213    .text               c_t.l(lludiv10.o)
    0x00000744   0x00000744   0x000000a0   Code   RO          213    .text               c_t.l(lludiv10.o)
    0x000007e4   0x000007e4   0x00000090   Code   RO          215    .text               c_t.l(_printf_fp_infnan.o)
    0x00000874   0x00000874   0x000000dc   Code   RO          223    .text               c_t.l(bigflt0.o)
    0x00000950   0x00000950   0x00000004   Ven    RO          251    .text               c_t.l(rtudiv10.o)
    0x00000954   0x00000954   0x0000002c   Code   RO          251    .text               c_t.l(rtudiv10.o)
    0x00000980   0x00000980   0x0000000c   Code   RO          257    .text               c_t.l(libspace.o)
    0x0000098c   0x0000098c   0x00000060   Code   RO          260    .text               c_t.l(sys_stackheap_outer.o)
    0x000009ec   0x000009ec   0x00000014   Code   RO          262    .text               c_t.l(exit.o)
    0x00000a00   0x00000a00   0x000000f4   Code   RO          264    .text               c_t.l(strcmp.o)
    0x00000af4   0x00000af4   0x00000004   Ven    RO          266    .text               c_t.l(aeabi_sdiv.o)
    0x00000af8   0x00000af8   0x00000180   Code   RO          266    .text               c_t.l(aeabi_sdiv.o)
    0x00000c78   0x00000c78   0x00000008   Ven    RO          358    .text               c_t.l(sys_exit.o)
    0x00000c80   0x00000c80   0x0000000c   Code   RO          358    .text               c_t.l(sys_exit.o)
    0x00000c8c   0x00000c8c   0x00000004   Code   RO          373    .text               c_t.l(use_no_semi.o)
    0x00000c90   0x00000c90   0x00000000   Code   RO          375    .text               c_t.l(indicate_semi.o)
    0x00000c90   0x00000c90   0x00000004   Ven    RO          226    CL$$btod_d2e        c_t.l(btod.o)
    0x00000c94   0x00000c94   0x00000038   Code   RO          226    CL$$btod_d2e        c_t.l(btod.o)
    0x00000ccc   0x00000ccc   0x00000054   Code   RO          228    CL$$btod_d2e_denorm_low  c_t.l(btod.o)
    0x00000d20   0x00000d20   0x00000068   Code   RO          227    CL$$btod_d2e_norm_op1  c_t.l(btod.o)
    0x00000d88   0x00000d88   0x0000034c   Code   RO          236    CL$$btod_div_common  c_t.l(btod.o)
    0x000010d4   0x000010d4   0x000000f4   Code   RO          233    CL$$btod_e2e        c_t.l(btod.o)
    0x000011c8   0x000011c8   0x00000004   Ven    RO          230    CL$$btod_ediv       c_t.l(btod.o)
    0x000011cc   0x000011cc   0x00000038   Code   RO          230    CL$$btod_ediv       c_t.l(btod.o)
    0x00001204   0x00001204   0x00000004   Ven    RO          229    CL$$btod_emul       c_t.l(btod.o)
    0x00001208   0x00001208   0x00000038   Code   RO          229    CL$$btod_emul       c_t.l(btod.o)
    0x00001240   0x00001240   0x00000268   Code   RO          235    CL$$btod_mult_common  c_t.l(btod.o)
    0x000014a8   0x000014a8   0x0000000c   Ven    RO          444    Veneer$$Code        anon$$obj.o
    0x000014b4   0x000014b4   0x00000002   Code   RO          130    i.__ARM_common_call_via_r1  c_t.l(__printf.o)
    0x000014b6   0x000014b6   0x00000002   Code   RO          128    i.__ARM_common_call_via_r2  c_t.l(__printf.o)
    0x000014b8   0x000014b8   0x00000004   Ven    RO          255    i.__ARM_fpclassify  m_ts.l(fpclassify.o)
    0x000014bc   0x000014bc   0x00000030   Code   RO          255    i.__ARM_fpclassify  m_ts.l(fpclassify.o)
    0x000014ec   0x000014ec   0x0000000e   Code   RO          142    i._is_digit         c_t.l(__printf_wp.o)
    0x000014fa   0x000014fa   0x00000002   PAD
    0x000014fc   0x000014fc   0x00000018   Code   RO           46    i.delay             lcd.o
    0x00001514   0x00001514   0x00000020   Code   RO           47    i.lcd_clear         lcd.o
    0x00001534   0x00001534   0x000000c0   Code   RO           48    i.lcd_init          lcd.o
    0x000015f4   0x000015f4   0x00000028   Code   RO           49    i.lcd_print         lcd.o
    0x0000161c   0x0000161c   0x00000018   Code   RO           50    i.lcd_putchar       lcd.o
    0x00001634   0x00001634   0x000000c0   Code   RO           51    i.lcd_read_status   lcd.o
    0x000016f4   0x000016f4   0x00000058   Code   RO           52    i.lcd_write_4bit    lcd.o
    0x0000174c   0x0000174c   0x00000034   Code   RO           53    i.lcd_write_cmd     lcd.o
    0x00001780   0x00001780   0x00000034   Code   RO           54    i.lcd_write_data    lcd.o
    0x000017b4   0x000017b4   0x000001ac   Code   RO           11    i.main              lpc_adc_assignment2.o
    0x00001960   0x00001960   0x00000034   Code   RO           55    i.set_cursor        lcd.o
    0x00001994   0x00001994   0x0000002c   Code   RO           12    i.wait              lpc_adc_assignment2.o
    0x000019c0   0x000019c0   0x00000020   Code   RO           56    i.wait_while_busy   lcd.o
    0x000019e0   0x000019e0   0x00000004   Ven    RO          249    locale$$code        c_t.l(lc_numeric_c.o)
    0x000019e4   0x000019e4   0x00000050   Code   RO          249    locale$$code        c_t.l(lc_numeric_c.o)
    0x00001a34   0x00001a34   0x0000006c   Code   RO          160    x$fpl$d2f           fz_ts.l(d2f.o)
    0x00001aa0   0x00001aa0   0x000002e0   Code   RO          163    x$fpl$ddiv          fz_ts.l(ddiv.o)
    0x00001d80   0x00001d80   0x00000058   Code   RO          167    x$fpl$dflt          fz_ts.l(dflt_noclz.o)
    0x00001dd8   0x00001dd8   0x0000000c   Code   RO          166    x$fpl$dfltu         fz_ts.l(dflt_noclz.o)
    0x00001de4   0x00001de4   0x00000180   Code   RO          170    x$fpl$dmul          fz_ts.l(dmul.o)
    0x00001f64   0x00001f64   0x000000c0   Code   RO          184    x$fpl$dnaninf       fz_ts.l(dnaninf.o)
    0x00002024   0x00002024   0x00000010   Code   RO          186    x$fpl$dretinf       fz_ts.l(dretinf.o)
    0x00002034   0x00002034   0x00000064   Code   RO          172    x$fpl$f2d           fz_ts.l(f2d.o)
    0x00002098   0x00002098   0x000000a8   Code   RO          188    x$fpl$fnaninf       fz_ts.l(fnaninf.o)
    0x00002140   0x00002140   0x00000010   Code   RO          190    x$fpl$fretinf       fz_ts.l(fretinf.o)
    0x00002150   0x00002150   0x00000004   Ven    RO          253    x$fpl$ieeestatus    fz_ts.l(istatus.o)
    0x00002154   0x00002154   0x00000008   Code   RO          253    x$fpl$ieeestatus    fz_ts.l(istatus.o)
    0x0000215c   0x0000215c   0x00000004   Code   RO          174    x$fpl$printf1       fz_ts.l(printf1.o)
    0x00002160   0x00002160   0x00000000   Code   RO          192    x$fpl$usenofp       fz_ts.l(usenofp.o)
    0x00002160   0x00002160   0x00000040   Data   RO           57    .constdata          lcd.o
    0x000021a0   0x000021a0   0x00000094   Data   RO          224    .constdata          c_t.l(bigflt0.o)
    0x00002234   0x00002234   0x00000010   Data   RO          422    Region$$Table       anon$$obj.o
    0x00002244   0x00002244   0x0000001c   Data   RO          248    locale$$data        c_t.l(lc_numeric_c.o)


    Execution Region ER_RW (Exec base: 0x40000000, Load base: 0x00002260, Size: 0x00000000, Max: 0xffffffff, ABSOLUTE)

    **** No section assigned to this execution region ****


    Execution Region ER_ZI (Exec base: 0x40000000, Load base: 0x00002260, Size: 0x00000568, Max: 0xffffffff, ABSOLUTE)

    Exec Addr    Load Addr    Size         Type   Attr      Idx    E Section Name        Object

    0x40000000        -       0x00000060   Zero   RW          258    .bss                c_t.l(libspace.o)
    0x40000060        -       0x00000000   Zero   RW            2    HEAP                lpc2300.o
    0x40000060        -       0x00000508   Zero   RW            1    STACK               lpc2300.o


==============================================================================

Image component sizes


      Code (inc. data)   RO Data    RW Data    ZI Data      Debug   Object Name

       780         32         64          0          0       6830   lcd.o
        32         12          0          0       1288        280   lpc2300.o
       472         64          0          0          0       5650   lpc_adc_assignment2.o

    ----------------------------------------------------------------------
      1296        112         80          0       1288      12760   Object Totals
        12          4         16          0          0          0   (incl. Generated)
         0          0          0          0          0          0   (incl. Padding)

    ----------------------------------------------------------------------

      Code (inc. data)   RO Data    RW Data    ZI Data      Debug   Library Member Name

         8          0          0          0          0         68   __main.o
         4          0          0          0          0        120   __printf.o
       300          0          0          0          0        152   __printf_wp.o
         0          0          0          0          0          0   __rtentry.o
        44          4          0          0          0          0   __rtentry2.o
         8          0          0          0          0          0   __rtentry4.o
        60          8          0          0          0          0   __scatter.o
        44          0          0          0          0          0   __scatter_zi.o
        48          4          0          0          0         96   _printf_char_common.o
         8          0          0          0          0          0   _printf_f.o
      1056         12          0          0          0        188   _printf_fp_dec.o
       144         16          0          0          0         88   _printf_fp_infnan.o
         4          0          0          0          0          0   _printf_percent.o
         8          0          0          0          0          0   _printf_percent_end.o
        10          0          0          0          0         60   _sputc.o
       388          0          0          0          0         80   aeabi_sdiv.o
       220          6        148          0          0         96   bigflt0.o
      2072        128          0          0          0        700   btod.o
        20          0          0          0          0         80   exit.o
         6          0          0          0          0        136   heapauxi.o
         0          0          0          0          0          0   indicate_semi.o
        84          8         28          0          0         92   lc_numeric_c.o
        10          0          0          0          0          0   libinit.o
        28          0          0          0          0          0   libinit2.o
        12          0          0          0          0          0   libshutdown.o
         6          0          0          0          0          0   libshutdown2.o
        12          4          0          0         96         68   libspace.o
       164          0          0          0          0         96   lludiv10.o
        48          4          0          0          0         84   noretval__2sprintf.o
        16          4          0          0          0         68   rt_locale_intlibspace.o
        84          0          0          0          0         80   rt_memclr_w.o
         8          0          0          0          0          0   rtexit.o
        12          0          0          0          0          0   rtexit2.o
        48          0          0          0          0         68   rtudiv10.o
       244          4          0          0          0         80   strcmp.o
        20          4          0          0          0         60   sys_exit.o
        96          0          0          0          0         80   sys_stackheap_outer.o
         4          0          0          0          0         68   use_no_semi.o
       108          4          0          0          0         92   d2f.o
       736        140          0          0          0        228   ddiv.o
       100          0          0          0          0        136   dflt_noclz.o
       384         16          0          0          0        124   dmul.o
       192          0          0          0          0        108   dnaninf.o
        16          0          0          0          0         68   dretinf.o
       100          4          0          0          0         84   f2d.o
       168          0          0          0          0         96   fnaninf.o
        16          0          0          0          0         68   fretinf.o
        12          0          0          0          0         68   istatus.o
         4          0          0          0          0         68   printf1.o
         0          0          0          0          0          0   usenofp.o
        52          0          0          0          0         68   fpclassify.o

    ----------------------------------------------------------------------
      7248        370        176          0         96       3916   Library Totals
        12          0          0          0          0          0   (incl. Padding)

    ----------------------------------------------------------------------

      Code (inc. data)   RO Data    RW Data    ZI Data      Debug   Library Name

      5348        206        176          0         96       2708   c_t.l
      1836        164          0          0          0       1140   fz_ts.l
        52          0          0          0          0         68   m_ts.l

    ----------------------------------------------------------------------
      7248        370        176          0         96       3916   Library Totals

    ----------------------------------------------------------------------

==============================================================================


      Code (inc. data)   RO Data    RW Data    ZI Data      Debug   

      8544        482        256          0       1384      14004   Grand Totals
      8544        482        256          0       1384      14004   ELF Image Totals
      8544        482        256          0          0          0   ROM Totals

==============================================================================

    Total RO  Size (Code + RO Data)                 8800 (   8.59kB)
    Total RW  Size (RW Data + ZI Data)              1384 (   1.35kB)
    Total ROM Size (Code + RO Data + RW Data)       8800 (   8.59kB)

==============================================================================

