Component: ARM Compiler 5.06 update 6 (build 750) Tool: armlink [4d35ed]

==============================================================================

Section Cross References

    ifelsecode2.o(RESET) refers to ifelsecode2.o(RESULT) for DST


==============================================================================

Image Symbol Table

    Local Symbols

    Symbol Name                              Value     Ov Type        Size  Object(Section)

    RESET                                    0x00000000   Section       80  ifelsecode2.o(RESET)
    ifElseCode2.s                            0x00000000   Number         0  ifelsecode2.o ABSOLUTE
    RESULT                                   0x00000050   Section        8  ifelsecode2.o(RESULT)
    DST                                      0x00000050   Data           8  ifelsecode2.o(RESULT)

    Global Symbols

    Symbol Name                              Value     Ov Type        Size  Object(Section)

    BuildAttributes$$THM_ISAv1$ARM_ISAv4$S$PE$A:L22$X:L11$S22$IEEE1$IW$USESV6$~STKCKD$USESV7$~SHL$OSPACE$EBA8$STANDARDLIB$PRES8$EABIv2 0x00000000   Number         0  anon$$obj.o ABSOLUTE



==============================================================================

Memory Map of the image

  Image Entry point : 0x00000000

  Load Region LR_IROM1 (Base: 0x00000000, Size: 0x00000058, Max: 0x00080000, ABSOLUTE)

    Execution Region ER_IROM1 (Exec base: 0x00000000, Load base: 0x00000000, Size: 0x00000058, Max: 0x00080000, ABSOLUTE)

    Exec Addr    Load Addr    Size         Type   Attr      Idx    E Section Name        Object

    0x00000000   0x00000000   0x00000050   Code   RO            1  * RESET               ifelsecode2.o
    0x00000050   0x00000050   0x00000008   Data   RO            2    RESULT              ifelsecode2.o


    Execution Region RW_IRAM1 (Exec base: 0x40000000, Load base: 0x00000058, Size: 0x00000000, Max: 0x00008000, ABSOLUTE)

    **** No section assigned to this execution region ****


==============================================================================

Image component sizes


      Code (inc. data)   RO Data    RW Data    ZI Data      Debug   Object Name

        80         20          8          0          0        332   ifelsecode2.o

    ----------------------------------------------------------------------
        80         20          8          0          0        332   Object Totals
         0          0          0          0          0          0   (incl. Generated)
         0          0          0          0          0          0   (incl. Padding)

    ----------------------------------------------------------------------
         0          0          0          0          0          0   Library Totals
         0          0          0          0          0          0   (incl. Padding)

    ----------------------------------------------------------------------

==============================================================================


      Code (inc. data)   RO Data    RW Data    ZI Data      Debug   

        80         20          8          0          0        332   Grand Totals
        80         20          8          0          0        332   ELF Image Totals
        80         20          8          0          0          0   ROM Totals

==============================================================================

    Total RO  Size (Code + RO Data)                   88 (   0.09kB)
    Total RW  Size (RW Data + ZI Data)                 0 (   0.00kB)
    Total ROM Size (Code + RO Data + RW Data)         88 (   0.09kB)

==============================================================================

