Component: ARM Compiler 5.06 update 6 (build 750) Tool: armlink [4d35ed]

==============================================================================

Section Cross References

    add5nos.o(RESET) refers to add5nos.o(mycode) for Reset_Handler


==============================================================================

Image Symbol Table

    Local Symbols

    Symbol Name                              Value     Ov Type        Size  Object(Section)

    add5nos.s                                0x00000000   Number         0  add5nos.o ABSOLUTE
    RESET                                    0x08000000   Section        8  add5nos.o(RESET)
    mycode                                   0x08000008   Section       44  add5nos.o(mycode)
    $v0                                      0x08000008   Number         0  add5nos.o(mycode)

    Global Symbols

    Symbol Name                              Value     Ov Type        Size  Object(Section)

    BuildAttributes$$THM_ISAv4$E$P$D$K$B$S$7EM$VFPi3$EXTD16$VFPS$VFMA$PE$A:L22UL41UL21$X:L11$S22US41US21$IEEE1$IW$USESV6$~STKCKD$USESV7$~SHL$OSPACE$EBA8$STANDARDLIB$PRES8$EABIv2 0x00000000   Number         0  anon$$obj.o ABSOLUTE
    __Vectors                                0x08000000   Data           0  add5nos.o(RESET)
    Reset_Handler                            0x08000009   Thumb Code     0  add5nos.o(mycode)



==============================================================================

Memory Map of the image

  Image Entry point : 0x08000009

  Load Region LR_IROM1 (Base: 0x08000000, Size: 0x00000034, Max: 0x00100000, ABSOLUTE)

    Execution Region ER_IROM1 (Exec base: 0x08000000, Load base: 0x08000000, Size: 0x00000034, Max: 0x00100000, ABSOLUTE)

    Exec Addr    Load Addr    Size         Type   Attr      Idx    E Section Name        Object

    0x08000000   0x08000000   0x00000008   Code   RO            1    RESET               add5nos.o
    0x08000008   0x08000008   0x0000002c   Code   RO            2  * mycode              add5nos.o


    Execution Region RW_IRAM1 (Exec base: 0x20000000, Load base: 0x08000034, Size: 0x00000000, Max: 0x00020000, ABSOLUTE)

    **** No section assigned to this execution region ****


==============================================================================

Image component sizes


      Code (inc. data)   RO Data    RW Data    ZI Data      Debug   Object Name

        52         30          0          0          0        544   add5nos.o

    ----------------------------------------------------------------------
        52         30          0          0          0        544   Object Totals
         0          0          0          0          0          0   (incl. Generated)
         0          0          0          0          0          0   (incl. Padding)

    ----------------------------------------------------------------------
         0          0          0          0          0          0   Library Totals
         0          0          0          0          0          0   (incl. Padding)

    ----------------------------------------------------------------------

==============================================================================


      Code (inc. data)   RO Data    RW Data    ZI Data      Debug   

        52         30          0          0          0        544   Grand Totals
        52         30          0          0          0        544   ELF Image Totals
        52         30          0          0          0          0   ROM Totals

==============================================================================

    Total RO  Size (Code + RO Data)                   52 (   0.05kB)
    Total RW  Size (RW Data + ZI Data)                 0 (   0.00kB)
    Total ROM Size (Code + RO Data + RW Data)         52 (   0.05kB)

==============================================================================

