<!doctype html public "-//w3c//dtd html 4.0 transitional//en">
<html><head>
<title>Static Call Graph - [.\Objects\SVC_Condition.axf]</title></head>
<body><HR>
<H1>Static Call Graph for image .\Objects\SVC_Condition.axf</H1><HR>
<BR><P>#&#060CALLGRAPH&#062# ARM Linker, 5060750: Last Updated: Sun Sep 08 23:30:02 2024
<BR><P>
<H3>Maximum Stack Usage =          0 bytes + Unknown(Functions without stacksize, Untraceable Function Pointers)</H3><H3>
Call chain for Maximum Stack Depth:</H3>

<P>
<H3>
Functions with no stack information
</H3><UL>
 <LI><a href="#[2]">Reset_Handler</a>
 <LI><a href="#[1]">SVC_handler</a>
</UL>
</UL>
<P>
<H3>
Function Pointers
</H3><UL>
 <LI><a href="#[2]">Reset_Handler</a> from svccompare.o(mycode) referenced from svccompare.o(RESET)
 <LI><a href="#[1]">SVC_handler</a> from svccompare.o(mycode) referenced from svccompare.o(RESET)
</UL>
<P>
<H3>
Global Symbols
</H3>
<P><STRONG><a name="[2]"></a>Reset_Handler</STRONG> (Thumb, 0 bytes, Stack size unknown bytes, svccompare.o(mycode))
<P>
<H3>
Local Symbols
</H3>
<P><STRONG><a name="[1]"></a>SVC_handler</STRONG> (Thumb, 0 bytes, Stack size unknown bytes, svccompare.o(mycode))
<BR>[Address Reference Count : 1]<UL><LI> svccompare.o(RESET)
</UL><P>
<H3>
Undefined Global Symbols
</H3><HR></body></html>
